Archive member included to satisfy reference by file (symbol)

c:\lscc\propel\2023.2\sdk\riscv-none-embed-gcc\bin\../riscv-none-embed/picolibc/riscv-none-embed/lib/rv32imc/ilp32\libc.a(libc_tinystdio_printf.c.o)
                              ./src/bsp/driver/riscv_mc/interrupt.o (printf)
c:\lscc\propel\2023.2\sdk\riscv-none-embed-gcc\bin\../riscv-none-embed/picolibc/riscv-none-embed/lib/rv32imc/ilp32\libc.a(libc_tinystdio_putchar.c.o)
                              ./src/main.o (putchar)
c:\lscc\propel\2023.2\sdk\riscv-none-embed-gcc\bin\../riscv-none-embed/picolibc/riscv-none-embed/lib/rv32imc/ilp32\libc.a(libc_tinystdio_puts.c.o)
                              ./src/main.o (puts)
c:\lscc\propel\2023.2\sdk\riscv-none-embed-gcc\bin\../riscv-none-embed/picolibc/riscv-none-embed/lib/rv32imc/ilp32\libc.a(libc_tinystdio_vfiprintf.c.o)
                              (__i_vfprintf)
c:\lscc\propel\2023.2\sdk\riscv-none-embed-gcc\bin\../riscv-none-embed/picolibc/riscv-none-embed/lib/rv32imc/ilp32\libc.a(libc_tinystdio_vfiscanf.c.o)
                              (__i_vfscanf)
c:\lscc\propel\2023.2\sdk\riscv-none-embed-gcc\bin\../riscv-none-embed/picolibc/riscv-none-embed/lib/rv32imc/ilp32\libc.a(memset.S.o)
                              c:\lscc\propel\2023.2\sdk\riscv-none-embed-gcc\bin\../riscv-none-embed/picolibc/riscv-none-embed/lib/rv32imc/ilp32\libc.a(libc_tinystdio_vfiscanf.c.o) (memset)
c:\lscc\propel\2023.2\sdk\riscv-none-embed-gcc\bin\../riscv-none-embed/picolibc/riscv-none-embed/lib/rv32imc/ilp32\libc.a(libc_string_strchr.c.o)
                              c:\lscc\propel\2023.2\sdk\riscv-none-embed-gcc\bin\../riscv-none-embed/picolibc/riscv-none-embed/lib/rv32imc/ilp32\libc.a(libc_tinystdio_vfiscanf.c.o) (strchr)
c:\lscc\propel\2023.2\sdk\riscv-none-embed-gcc\bin\../riscv-none-embed/picolibc/riscv-none-embed/lib/rv32imc/ilp32\libc.a(libc_string_strnlen.c.o)
                              c:\lscc\propel\2023.2\sdk\riscv-none-embed-gcc\bin\../riscv-none-embed/picolibc/riscv-none-embed/lib/rv32imc/ilp32\libc.a(libc_tinystdio_vfiprintf.c.o) (strnlen)
c:\lscc\propel\2023.2\sdk\riscv-none-embed-gcc\bin\../riscv-none-embed/picolibc/riscv-none-embed/lib/rv32imc/ilp32\libc.a(libc_tinystdio_fgetc.c.o)
                              c:\lscc\propel\2023.2\sdk\riscv-none-embed-gcc\bin\../riscv-none-embed/picolibc/riscv-none-embed/lib/rv32imc/ilp32\libc.a(libc_tinystdio_vfiscanf.c.o) (fgetc)
c:\lscc\propel\2023.2\sdk\riscv-none-embed-gcc\bin\../riscv-none-embed/picolibc/riscv-none-embed/lib/rv32imc/ilp32\libc.a(libc_tinystdio_fputc.c.o)
                              c:\lscc\propel\2023.2\sdk\riscv-none-embed-gcc\bin\../riscv-none-embed/picolibc/riscv-none-embed/lib/rv32imc/ilp32\libc.a(libc_tinystdio_putchar.c.o) (fputc)
c:\lscc\propel\2023.2\sdk\riscv-none-embed-gcc\bin\../riscv-none-embed/picolibc/riscv-none-embed/lib/rv32imc/ilp32\libc.a(libc_tinystdio_ungetc.c.o)
                              c:\lscc\propel\2023.2\sdk\riscv-none-embed-gcc\bin\../riscv-none-embed/picolibc/riscv-none-embed/lib/rv32imc/ilp32\libc.a(libc_tinystdio_vfiscanf.c.o) (ungetc)
c:\lscc\propel\2023.2\sdk\riscv-none-embed-gcc\bin\../riscv-none-embed/picolibc/riscv-none-embed/lib/rv32imc/ilp32\libc.a(libc_tinystdio_exchange.c.o)
                              c:\lscc\propel\2023.2\sdk\riscv-none-embed-gcc\bin\../riscv-none-embed/picolibc/riscv-none-embed/lib/rv32imc/ilp32\libc.a(libc_tinystdio_fgetc.c.o) (__atomic_exchange_ungetc)
c:\lscc\propel\2023.2\sdk\riscv-none-embed-gcc\bin\../riscv-none-embed/picolibc/riscv-none-embed/lib/rv32imc/ilp32\libc.a(libc_tinystdio_compare_exchange.c.o)
                              c:\lscc\propel\2023.2\sdk\riscv-none-embed-gcc\bin\../riscv-none-embed/picolibc/riscv-none-embed/lib/rv32imc/ilp32\libc.a(libc_tinystdio_ungetc.c.o) (__atomic_compare_exchange_ungetc)
c:/lscc/propel/2023.2/sdk/riscv-none-embed-gcc/bin/../lib/gcc/riscv-none-embed/10.2.0/rv32imc/ilp32\libgcc.a(save-restore.o)
                              c:\lscc\propel\2023.2\sdk\riscv-none-embed-gcc\bin\../riscv-none-embed/picolibc/riscv-none-embed/lib/rv32imc/ilp32\libc.a(libc_tinystdio_vfiprintf.c.o) (__riscv_save_12)

Discarded input sections

 .group         0x0000000000000000        0xc ./src/bsp/driver/uart/uart.o
 .group         0x0000000000000000        0xc ./src/bsp/driver/uart/uart.o
 .group         0x0000000000000000        0xc ./src/bsp/driver/uart/uart.o
 .group         0x0000000000000000        0xc ./src/bsp/driver/uart/uart.o
 .group         0x0000000000000000        0xc ./src/bsp/driver/uart/uart.o
 .group         0x0000000000000000        0xc ./src/bsp/driver/uart/uart.o
 .group         0x0000000000000000        0xc ./src/bsp/driver/uart/uart.o
 .group         0x0000000000000000        0xc ./src/bsp/driver/uart/uart.o
 .group         0x0000000000000000        0xc ./src/bsp/driver/uart/uart.o
 .group         0x0000000000000000        0xc ./src/bsp/driver/uart/uart.o
 .group         0x0000000000000000        0xc ./src/bsp/driver/uart/uart.o
 .group         0x0000000000000000        0xc ./src/bsp/driver/uart/uart.o
 .group         0x0000000000000000        0xc ./src/bsp/driver/uart/uart.o
 .group         0x0000000000000000        0xc ./src/bsp/driver/uart/uart.o
 .group         0x0000000000000000        0xc ./src/bsp/driver/uart/uart.o
 .group         0x0000000000000000        0xc ./src/bsp/driver/uart/uart.o
 .group         0x0000000000000000        0xc ./src/bsp/driver/uart/uart.o
 .group         0x0000000000000000        0xc ./src/bsp/driver/uart/uart.o
 .group         0x0000000000000000        0xc ./src/bsp/driver/uart/uart.o
 .group         0x0000000000000000        0xc ./src/bsp/driver/uart/uart.o
 .group         0x0000000000000000        0xc ./src/bsp/driver/uart/uart.o
 .group         0x0000000000000000        0xc ./src/bsp/driver/uart/uart.o
 .group         0x0000000000000000        0xc ./src/bsp/driver/uart/uart.o
 .group         0x0000000000000000        0xc ./src/bsp/driver/uart/uart.o
 .group         0x0000000000000000        0xc ./src/bsp/driver/uart/uart.o
 .text          0x0000000000000000        0x0 ./src/bsp/driver/uart/uart.o
 .data          0x0000000000000000        0x0 ./src/bsp/driver/uart/uart.o
 .bss           0x0000000000000000        0x0 ./src/bsp/driver/uart/uart.o
 .text.uart_getc
                0x0000000000000000       0x70 ./src/bsp/driver/uart/uart.o
 .text.uart_config
                0x0000000000000000      0x146 ./src/bsp/driver/uart/uart.o
 .text.uart_set_rate
                0x0000000000000000       0x8a ./src/bsp/driver/uart/uart.o
 .group         0x0000000000000000        0xc ./src/bsp/driver/riscv_mc/cache.o
 .group         0x0000000000000000        0xc ./src/bsp/driver/riscv_mc/cache.o
 .group         0x0000000000000000        0xc ./src/bsp/driver/riscv_mc/cache.o
 .group         0x0000000000000000        0xc ./src/bsp/driver/riscv_mc/cache.o
 .group         0x0000000000000000        0xc ./src/bsp/driver/riscv_mc/cache.o
 .group         0x0000000000000000        0xc ./src/bsp/driver/riscv_mc/cache.o
 .group         0x0000000000000000        0xc ./src/bsp/driver/riscv_mc/cache.o
 .text          0x0000000000000000        0x0 ./src/bsp/driver/riscv_mc/cache.o
 .data          0x0000000000000000        0x0 ./src/bsp/driver/riscv_mc/cache.o
 .bss           0x0000000000000000        0x0 ./src/bsp/driver/riscv_mc/cache.o
 .text.cache_flush_ins
                0x0000000000000000       0x12 ./src/bsp/driver/riscv_mc/cache.o
 .text.cache_invalidate
                0x0000000000000000       0x12 ./src/bsp/driver/riscv_mc/cache.o
 .text.cache_invalidate_all
                0x0000000000000000        0xe ./src/bsp/driver/riscv_mc/cache.o
 .debug_info    0x0000000000000000       0xd2 ./src/bsp/driver/riscv_mc/cache.o
 .debug_abbrev  0x0000000000000000       0x81 ./src/bsp/driver/riscv_mc/cache.o
 .debug_aranges
                0x0000000000000000       0x30 ./src/bsp/driver/riscv_mc/cache.o
 .debug_ranges  0x0000000000000000       0x20 ./src/bsp/driver/riscv_mc/cache.o
 .debug_macro   0x0000000000000000       0x63 ./src/bsp/driver/riscv_mc/cache.o
 .debug_macro   0x0000000000000000      0x778 ./src/bsp/driver/riscv_mc/cache.o
 .debug_macro   0x0000000000000000      0x4c5 ./src/bsp/driver/riscv_mc/cache.o
 .debug_macro   0x0000000000000000       0x8e ./src/bsp/driver/riscv_mc/cache.o
 .debug_macro   0x0000000000000000       0x51 ./src/bsp/driver/riscv_mc/cache.o
 .debug_macro   0x0000000000000000      0x103 ./src/bsp/driver/riscv_mc/cache.o
 .debug_macro   0x0000000000000000       0x6a ./src/bsp/driver/riscv_mc/cache.o
 .debug_macro   0x0000000000000000      0x1df ./src/bsp/driver/riscv_mc/cache.o
 .debug_line    0x0000000000000000      0x22a ./src/bsp/driver/riscv_mc/cache.o
 .debug_str     0x0000000000000000     0x4791 ./src/bsp/driver/riscv_mc/cache.o
 .comment       0x0000000000000000       0x34 ./src/bsp/driver/riscv_mc/cache.o
 .debug_frame   0x0000000000000000       0x7c ./src/bsp/driver/riscv_mc/cache.o
 .data          0x0000000000000000        0x0 ./src/bsp/driver/riscv_mc/crt0.o
 .bss           0x0000000000000000        0x0 ./src/bsp/driver/riscv_mc/crt0.o
 .group         0x0000000000000000        0xc ./src/bsp/driver/riscv_mc/exit.o
 .group         0x0000000000000000        0xc ./src/bsp/driver/riscv_mc/exit.o
 .group         0x0000000000000000        0xc ./src/bsp/driver/riscv_mc/exit.o
 .group         0x0000000000000000        0xc ./src/bsp/driver/riscv_mc/exit.o
 .group         0x0000000000000000        0xc ./src/bsp/driver/riscv_mc/exit.o
 .group         0x0000000000000000        0xc ./src/bsp/driver/riscv_mc/exit.o
 .group         0x0000000000000000        0xc ./src/bsp/driver/riscv_mc/exit.o
 .group         0x0000000000000000        0xc ./src/bsp/driver/riscv_mc/exit.o
 .group         0x0000000000000000        0xc ./src/bsp/driver/riscv_mc/exit.o
 .group         0x0000000000000000        0xc ./src/bsp/driver/riscv_mc/exit.o
 .group         0x0000000000000000        0xc ./src/bsp/driver/riscv_mc/exit.o
 .group         0x0000000000000000        0xc ./src/bsp/driver/riscv_mc/exit.o
 .group         0x0000000000000000        0xc ./src/bsp/driver/riscv_mc/exit.o
 .group         0x0000000000000000        0xc ./src/bsp/driver/riscv_mc/exit.o
 .group         0x0000000000000000        0xc ./src/bsp/driver/riscv_mc/exit.o
 .group         0x0000000000000000        0xc ./src/bsp/driver/riscv_mc/exit.o
 .group         0x0000000000000000        0xc ./src/bsp/driver/riscv_mc/exit.o
 .group         0x0000000000000000        0xc ./src/bsp/driver/riscv_mc/exit.o
 .group         0x0000000000000000        0xc ./src/bsp/driver/riscv_mc/exit.o
 .group         0x0000000000000000        0xc ./src/bsp/driver/riscv_mc/exit.o
 .group         0x0000000000000000        0xc ./src/bsp/driver/riscv_mc/exit.o
 .group         0x0000000000000000        0xc ./src/bsp/driver/riscv_mc/exit.o
 .text          0x0000000000000000        0x0 ./src/bsp/driver/riscv_mc/exit.o
 .data          0x0000000000000000        0x0 ./src/bsp/driver/riscv_mc/exit.o
 .bss           0x0000000000000000        0x0 ./src/bsp/driver/riscv_mc/exit.o
 .debug_macro   0x0000000000000000      0x778 ./src/bsp/driver/riscv_mc/exit.o
 .debug_macro   0x0000000000000000      0x4c5 ./src/bsp/driver/riscv_mc/exit.o
 .debug_macro   0x0000000000000000       0x35 ./src/bsp/driver/riscv_mc/exit.o
 .debug_macro   0x0000000000000000      0x201 ./src/bsp/driver/riscv_mc/exit.o
 .debug_macro   0x0000000000000000       0x3b ./src/bsp/driver/riscv_mc/exit.o
 .debug_macro   0x0000000000000000      0x103 ./src/bsp/driver/riscv_mc/exit.o
 .debug_macro   0x0000000000000000       0x34 ./src/bsp/driver/riscv_mc/exit.o
 .debug_macro   0x0000000000000000       0x6a ./src/bsp/driver/riscv_mc/exit.o
 .debug_macro   0x0000000000000000      0x1df ./src/bsp/driver/riscv_mc/exit.o
 .debug_macro   0x0000000000000000       0x82 ./src/bsp/driver/riscv_mc/exit.o
 .debug_macro   0x0000000000000000      0x4cc ./src/bsp/driver/riscv_mc/exit.o
 .debug_macro   0x0000000000000000       0x58 ./src/bsp/driver/riscv_mc/exit.o
 .debug_macro   0x0000000000000000       0x16 ./src/bsp/driver/riscv_mc/exit.o
 .debug_macro   0x0000000000000000       0x97 ./src/bsp/driver/riscv_mc/exit.o
 .debug_macro   0x0000000000000000       0x35 ./src/bsp/driver/riscv_mc/exit.o
 .debug_macro   0x0000000000000000       0x10 ./src/bsp/driver/riscv_mc/exit.o
 .debug_macro   0x0000000000000000       0x20 ./src/bsp/driver/riscv_mc/exit.o
 .debug_macro   0x0000000000000000       0xf9 ./src/bsp/driver/riscv_mc/exit.o
 .debug_macro   0x0000000000000000       0x8d ./src/bsp/driver/riscv_mc/exit.o
 .debug_macro   0x0000000000000000      0x358 ./src/bsp/driver/riscv_mc/exit.o
 .group         0x0000000000000000        0xc ./src/bsp/driver/riscv_mc/interrupt.o
 .group         0x0000000000000000        0xc ./src/bsp/driver/riscv_mc/interrupt.o
 .group         0x0000000000000000        0xc ./src/bsp/driver/riscv_mc/interrupt.o
 .group         0x0000000000000000        0xc ./src/bsp/driver/riscv_mc/interrupt.o
 .group         0x0000000000000000        0xc ./src/bsp/driver/riscv_mc/interrupt.o
 .group         0x0000000000000000        0xc ./src/bsp/driver/riscv_mc/interrupt.o
 .group         0x0000000000000000        0xc ./src/bsp/driver/riscv_mc/interrupt.o
 .group         0x0000000000000000        0xc ./src/bsp/driver/riscv_mc/interrupt.o
 .group         0x0000000000000000        0xc ./src/bsp/driver/riscv_mc/interrupt.o
 .group         0x0000000000000000        0xc ./src/bsp/driver/riscv_mc/interrupt.o
 .group         0x0000000000000000        0xc ./src/bsp/driver/riscv_mc/interrupt.o
 .group         0x0000000000000000        0xc ./src/bsp/driver/riscv_mc/interrupt.o
 .group         0x0000000000000000        0xc ./src/bsp/driver/riscv_mc/interrupt.o
 .group         0x0000000000000000        0xc ./src/bsp/driver/riscv_mc/interrupt.o
 .group         0x0000000000000000        0xc ./src/bsp/driver/riscv_mc/interrupt.o
 .group         0x0000000000000000        0xc ./src/bsp/driver/riscv_mc/interrupt.o
 .group         0x0000000000000000        0xc ./src/bsp/driver/riscv_mc/interrupt.o
 .group         0x0000000000000000        0xc ./src/bsp/driver/riscv_mc/interrupt.o
 .group         0x0000000000000000        0xc ./src/bsp/driver/riscv_mc/interrupt.o
 .group         0x0000000000000000        0xc ./src/bsp/driver/riscv_mc/interrupt.o
 .group         0x0000000000000000        0xc ./src/bsp/driver/riscv_mc/interrupt.o
 .group         0x0000000000000000        0xc ./src/bsp/driver/riscv_mc/interrupt.o
 .group         0x0000000000000000        0xc ./src/bsp/driver/riscv_mc/interrupt.o
 .text          0x0000000000000000        0x0 ./src/bsp/driver/riscv_mc/interrupt.o
 .data          0x0000000000000000        0x0 ./src/bsp/driver/riscv_mc/interrupt.o
 .bss           0x0000000000000000        0x0 ./src/bsp/driver/riscv_mc/interrupt.o
 .debug_macro   0x0000000000000000      0x778 ./src/bsp/driver/riscv_mc/interrupt.o
 .debug_macro   0x0000000000000000      0x4c5 ./src/bsp/driver/riscv_mc/interrupt.o
 .debug_macro   0x0000000000000000       0x35 ./src/bsp/driver/riscv_mc/interrupt.o
 .debug_macro   0x0000000000000000       0x94 ./src/bsp/driver/riscv_mc/interrupt.o
 .debug_macro   0x0000000000000000      0x201 ./src/bsp/driver/riscv_mc/interrupt.o
 .debug_macro   0x0000000000000000       0x3b ./src/bsp/driver/riscv_mc/interrupt.o
 .debug_macro   0x0000000000000000      0x103 ./src/bsp/driver/riscv_mc/interrupt.o
 .debug_macro   0x0000000000000000       0x34 ./src/bsp/driver/riscv_mc/interrupt.o
 .debug_macro   0x0000000000000000       0x57 ./src/bsp/driver/riscv_mc/interrupt.o
 .debug_macro   0x0000000000000000       0x6a ./src/bsp/driver/riscv_mc/interrupt.o
 .debug_macro   0x0000000000000000      0x1df ./src/bsp/driver/riscv_mc/interrupt.o
 .debug_macro   0x0000000000000000       0x82 ./src/bsp/driver/riscv_mc/interrupt.o
 .debug_macro   0x0000000000000000      0x4cc ./src/bsp/driver/riscv_mc/interrupt.o
 .debug_macro   0x0000000000000000       0x58 ./src/bsp/driver/riscv_mc/interrupt.o
 .debug_macro   0x0000000000000000       0x16 ./src/bsp/driver/riscv_mc/interrupt.o
 .debug_macro   0x0000000000000000       0x97 ./src/bsp/driver/riscv_mc/interrupt.o
 .debug_macro   0x0000000000000000       0x35 ./src/bsp/driver/riscv_mc/interrupt.o
 .debug_macro   0x0000000000000000       0x10 ./src/bsp/driver/riscv_mc/interrupt.o
 .debug_macro   0x0000000000000000       0x20 ./src/bsp/driver/riscv_mc/interrupt.o
 .debug_macro   0x0000000000000000       0xf9 ./src/bsp/driver/riscv_mc/interrupt.o
 .debug_macro   0x0000000000000000       0x8d ./src/bsp/driver/riscv_mc/interrupt.o
 .debug_macro   0x0000000000000000       0x22 ./src/bsp/driver/riscv_mc/interrupt.o
 .group         0x0000000000000000        0xc ./src/bsp/driver/riscv_mc/iob.o
 .group         0x0000000000000000        0xc ./src/bsp/driver/riscv_mc/iob.o
 .group         0x0000000000000000        0xc ./src/bsp/driver/riscv_mc/iob.o
 .group         0x0000000000000000        0xc ./src/bsp/driver/riscv_mc/iob.o
 .group         0x0000000000000000        0xc ./src/bsp/driver/riscv_mc/iob.o
 .group         0x0000000000000000        0xc ./src/bsp/driver/riscv_mc/iob.o
 .group         0x0000000000000000        0xc ./src/bsp/driver/riscv_mc/iob.o
 .group         0x0000000000000000        0xc ./src/bsp/driver/riscv_mc/iob.o
 .group         0x0000000000000000        0xc ./src/bsp/driver/riscv_mc/iob.o
 .group         0x0000000000000000        0xc ./src/bsp/driver/riscv_mc/iob.o
 .group         0x0000000000000000        0xc ./src/bsp/driver/riscv_mc/iob.o
 .group         0x0000000000000000        0xc ./src/bsp/driver/riscv_mc/iob.o
 .group         0x0000000000000000        0xc ./src/bsp/driver/riscv_mc/iob.o
 .group         0x0000000000000000        0xc ./src/bsp/driver/riscv_mc/iob.o
 .group         0x0000000000000000        0xc ./src/bsp/driver/riscv_mc/iob.o
 .group         0x0000000000000000        0xc ./src/bsp/driver/riscv_mc/iob.o
 .group         0x0000000000000000        0xc ./src/bsp/driver/riscv_mc/iob.o
 .group         0x0000000000000000        0xc ./src/bsp/driver/riscv_mc/iob.o
 .group         0x0000000000000000        0xc ./src/bsp/driver/riscv_mc/iob.o
 .group         0x0000000000000000        0xc ./src/bsp/driver/riscv_mc/iob.o
 .group         0x0000000000000000        0xc ./src/bsp/driver/riscv_mc/iob.o
 .group         0x0000000000000000        0xc ./src/bsp/driver/riscv_mc/iob.o
 .text          0x0000000000000000        0x0 ./src/bsp/driver/riscv_mc/iob.o
 .data          0x0000000000000000        0x0 ./src/bsp/driver/riscv_mc/iob.o
 .bss           0x0000000000000000        0x0 ./src/bsp/driver/riscv_mc/iob.o
 .debug_macro   0x0000000000000000      0x778 ./src/bsp/driver/riscv_mc/iob.o
 .debug_macro   0x0000000000000000      0x4c5 ./src/bsp/driver/riscv_mc/iob.o
 .debug_macro   0x0000000000000000       0x35 ./src/bsp/driver/riscv_mc/iob.o
 .debug_macro   0x0000000000000000       0x94 ./src/bsp/driver/riscv_mc/iob.o
 .debug_macro   0x0000000000000000      0x201 ./src/bsp/driver/riscv_mc/iob.o
 .debug_macro   0x0000000000000000       0x3b ./src/bsp/driver/riscv_mc/iob.o
 .debug_macro   0x0000000000000000      0x103 ./src/bsp/driver/riscv_mc/iob.o
 .debug_macro   0x0000000000000000       0x34 ./src/bsp/driver/riscv_mc/iob.o
 .debug_macro   0x0000000000000000       0x57 ./src/bsp/driver/riscv_mc/iob.o
 .debug_macro   0x0000000000000000       0x6a ./src/bsp/driver/riscv_mc/iob.o
 .debug_macro   0x0000000000000000      0x1df ./src/bsp/driver/riscv_mc/iob.o
 .debug_macro   0x0000000000000000       0x82 ./src/bsp/driver/riscv_mc/iob.o
 .debug_macro   0x0000000000000000      0x4cc ./src/bsp/driver/riscv_mc/iob.o
 .debug_macro   0x0000000000000000       0x58 ./src/bsp/driver/riscv_mc/iob.o
 .debug_macro   0x0000000000000000       0x16 ./src/bsp/driver/riscv_mc/iob.o
 .debug_macro   0x0000000000000000       0x97 ./src/bsp/driver/riscv_mc/iob.o
 .debug_macro   0x0000000000000000       0x35 ./src/bsp/driver/riscv_mc/iob.o
 .debug_macro   0x0000000000000000       0x10 ./src/bsp/driver/riscv_mc/iob.o
 .debug_macro   0x0000000000000000       0x20 ./src/bsp/driver/riscv_mc/iob.o
 .debug_macro   0x0000000000000000       0xf9 ./src/bsp/driver/riscv_mc/iob.o
 .debug_macro   0x0000000000000000       0x8d ./src/bsp/driver/riscv_mc/iob.o
 .debug_macro   0x0000000000000000      0x358 ./src/bsp/driver/riscv_mc/iob.o
 .group         0x0000000000000000        0xc ./src/bsp/driver/riscv_mc/pic.o
 .group         0x0000000000000000        0xc ./src/bsp/driver/riscv_mc/pic.o
 .group         0x0000000000000000        0xc ./src/bsp/driver/riscv_mc/pic.o
 .group         0x0000000000000000        0xc ./src/bsp/driver/riscv_mc/pic.o
 .group         0x0000000000000000        0xc ./src/bsp/driver/riscv_mc/pic.o
 .group         0x0000000000000000        0xc ./src/bsp/driver/riscv_mc/pic.o
 .group         0x0000000000000000        0xc ./src/bsp/driver/riscv_mc/pic.o
 .group         0x0000000000000000        0xc ./src/bsp/driver/riscv_mc/pic.o
 .group         0x0000000000000000        0xc ./src/bsp/driver/riscv_mc/pic.o
 .group         0x0000000000000000        0xc ./src/bsp/driver/riscv_mc/pic.o
 .group         0x0000000000000000        0xc ./src/bsp/driver/riscv_mc/pic.o
 .group         0x0000000000000000        0xc ./src/bsp/driver/riscv_mc/pic.o
 .group         0x0000000000000000        0xc ./src/bsp/driver/riscv_mc/pic.o
 .group         0x0000000000000000        0xc ./src/bsp/driver/riscv_mc/pic.o
 .group         0x0000000000000000        0xc ./src/bsp/driver/riscv_mc/pic.o
 .group         0x0000000000000000        0xc ./src/bsp/driver/riscv_mc/pic.o
 .group         0x0000000000000000        0xc ./src/bsp/driver/riscv_mc/pic.o
 .group         0x0000000000000000        0xc ./src/bsp/driver/riscv_mc/pic.o
 .group         0x0000000000000000        0xc ./src/bsp/driver/riscv_mc/pic.o
 .group         0x0000000000000000        0xc ./src/bsp/driver/riscv_mc/pic.o
 .group         0x0000000000000000        0xc ./src/bsp/driver/riscv_mc/pic.o
 .group         0x0000000000000000        0xc ./src/bsp/driver/riscv_mc/pic.o
 .text          0x0000000000000000        0x0 ./src/bsp/driver/riscv_mc/pic.o
 .data          0x0000000000000000        0x0 ./src/bsp/driver/riscv_mc/pic.o
 .bss           0x0000000000000000        0x0 ./src/bsp/driver/riscv_mc/pic.o
 .text.pic_init
                0x0000000000000000       0x8e ./src/bsp/driver/riscv_mc/pic.o
 .text.pic_int_enable
                0x0000000000000000       0x38 ./src/bsp/driver/riscv_mc/pic.o
 .text.pic_int_disable
                0x0000000000000000       0x3c ./src/bsp/driver/riscv_mc/pic.o
 .text.pic_int_polarity_set
                0x0000000000000000       0x46 ./src/bsp/driver/riscv_mc/pic.o
 .text.pic_int_polarity_get
                0x0000000000000000       0x3e ./src/bsp/driver/riscv_mc/pic.o
 .text.pic_int_status_get
                0x0000000000000000       0x24 ./src/bsp/driver/riscv_mc/pic.o
 .text.pic_isr_register
                0x0000000000000000       0x74 ./src/bsp/driver/riscv_mc/pic.o
 .debug_macro   0x0000000000000000      0x778 ./src/bsp/driver/riscv_mc/pic.o
 .debug_macro   0x0000000000000000      0x4c5 ./src/bsp/driver/riscv_mc/pic.o
 .debug_macro   0x0000000000000000       0x35 ./src/bsp/driver/riscv_mc/pic.o
 .debug_macro   0x0000000000000000       0x94 ./src/bsp/driver/riscv_mc/pic.o
 .debug_macro   0x0000000000000000      0x201 ./src/bsp/driver/riscv_mc/pic.o
 .debug_macro   0x0000000000000000       0x3b ./src/bsp/driver/riscv_mc/pic.o
 .debug_macro   0x0000000000000000      0x103 ./src/bsp/driver/riscv_mc/pic.o
 .debug_macro   0x0000000000000000       0x34 ./src/bsp/driver/riscv_mc/pic.o
 .debug_macro   0x0000000000000000       0x57 ./src/bsp/driver/riscv_mc/pic.o
 .debug_macro   0x0000000000000000       0x6a ./src/bsp/driver/riscv_mc/pic.o
 .debug_macro   0x0000000000000000      0x1df ./src/bsp/driver/riscv_mc/pic.o
 .debug_macro   0x0000000000000000       0x82 ./src/bsp/driver/riscv_mc/pic.o
 .debug_macro   0x0000000000000000      0x4cc ./src/bsp/driver/riscv_mc/pic.o
 .debug_macro   0x0000000000000000       0x58 ./src/bsp/driver/riscv_mc/pic.o
 .debug_macro   0x0000000000000000       0x16 ./src/bsp/driver/riscv_mc/pic.o
 .debug_macro   0x0000000000000000       0x97 ./src/bsp/driver/riscv_mc/pic.o
 .debug_macro   0x0000000000000000       0x35 ./src/bsp/driver/riscv_mc/pic.o
 .debug_macro   0x0000000000000000       0x10 ./src/bsp/driver/riscv_mc/pic.o
 .debug_macro   0x0000000000000000       0x20 ./src/bsp/driver/riscv_mc/pic.o
 .debug_macro   0x0000000000000000       0xf9 ./src/bsp/driver/riscv_mc/pic.o
 .debug_macro   0x0000000000000000       0x8d ./src/bsp/driver/riscv_mc/pic.o
 .debug_macro   0x0000000000000000       0x22 ./src/bsp/driver/riscv_mc/pic.o
 .group         0x0000000000000000        0xc ./src/bsp/driver/riscv_mc/reg_access.o
 .group         0x0000000000000000        0xc ./src/bsp/driver/riscv_mc/reg_access.o
 .group         0x0000000000000000        0xc ./src/bsp/driver/riscv_mc/reg_access.o
 .group         0x0000000000000000        0xc ./src/bsp/driver/riscv_mc/reg_access.o
 .group         0x0000000000000000        0xc ./src/bsp/driver/riscv_mc/reg_access.o
 .group         0x0000000000000000        0xc ./src/bsp/driver/riscv_mc/reg_access.o
 .group         0x0000000000000000        0xc ./src/bsp/driver/riscv_mc/reg_access.o
 .text          0x0000000000000000        0x0 ./src/bsp/driver/riscv_mc/reg_access.o
 .data          0x0000000000000000        0x0 ./src/bsp/driver/riscv_mc/reg_access.o
 .bss           0x0000000000000000        0x0 ./src/bsp/driver/riscv_mc/reg_access.o
 .text.reg_32b_write
                0x0000000000000000       0x2a ./src/bsp/driver/riscv_mc/reg_access.o
 .text.reg_32b_read
                0x0000000000000000       0x2c ./src/bsp/driver/riscv_mc/reg_access.o
 .text.reg_16b_write
                0x0000000000000000       0x2e ./src/bsp/driver/riscv_mc/reg_access.o
 .text.reg_16b_read
                0x0000000000000000       0x36 ./src/bsp/driver/riscv_mc/reg_access.o
 .debug_macro   0x0000000000000000      0x778 ./src/bsp/driver/riscv_mc/reg_access.o
 .debug_macro   0x0000000000000000      0x4c5 ./src/bsp/driver/riscv_mc/reg_access.o
 .debug_macro   0x0000000000000000       0x8e ./src/bsp/driver/riscv_mc/reg_access.o
 .debug_macro   0x0000000000000000       0x51 ./src/bsp/driver/riscv_mc/reg_access.o
 .debug_macro   0x0000000000000000      0x103 ./src/bsp/driver/riscv_mc/reg_access.o
 .debug_macro   0x0000000000000000       0x6a ./src/bsp/driver/riscv_mc/reg_access.o
 .debug_macro   0x0000000000000000      0x1df ./src/bsp/driver/riscv_mc/reg_access.o
 .group         0x0000000000000000        0xc ./src/bsp/driver/riscv_mc/timer.o
 .group         0x0000000000000000        0xc ./src/bsp/driver/riscv_mc/timer.o
 .group         0x0000000000000000        0xc ./src/bsp/driver/riscv_mc/timer.o
 .group         0x0000000000000000        0xc ./src/bsp/driver/riscv_mc/timer.o
 .group         0x0000000000000000        0xc ./src/bsp/driver/riscv_mc/timer.o
 .group         0x0000000000000000        0xc ./src/bsp/driver/riscv_mc/timer.o
 .group         0x0000000000000000        0xc ./src/bsp/driver/riscv_mc/timer.o
 .group         0x0000000000000000        0xc ./src/bsp/driver/riscv_mc/timer.o
 .group         0x0000000000000000        0xc ./src/bsp/driver/riscv_mc/timer.o
 .group         0x0000000000000000        0xc ./src/bsp/driver/riscv_mc/timer.o
 .group         0x0000000000000000        0xc ./src/bsp/driver/riscv_mc/timer.o
 .group         0x0000000000000000        0xc ./src/bsp/driver/riscv_mc/timer.o
 .group         0x0000000000000000        0xc ./src/bsp/driver/riscv_mc/timer.o
 .group         0x0000000000000000        0xc ./src/bsp/driver/riscv_mc/timer.o
 .group         0x0000000000000000        0xc ./src/bsp/driver/riscv_mc/timer.o
 .group         0x0000000000000000        0xc ./src/bsp/driver/riscv_mc/timer.o
 .group         0x0000000000000000        0xc ./src/bsp/driver/riscv_mc/timer.o
 .group         0x0000000000000000        0xc ./src/bsp/driver/riscv_mc/timer.o
 .group         0x0000000000000000        0xc ./src/bsp/driver/riscv_mc/timer.o
 .group         0x0000000000000000        0xc ./src/bsp/driver/riscv_mc/timer.o
 .group         0x0000000000000000        0xc ./src/bsp/driver/riscv_mc/timer.o
 .group         0x0000000000000000        0xc ./src/bsp/driver/riscv_mc/timer.o
 .group         0x0000000000000000        0xc ./src/bsp/driver/riscv_mc/timer.o
 .text          0x0000000000000000        0x0 ./src/bsp/driver/riscv_mc/timer.o
 .data          0x0000000000000000        0x0 ./src/bsp/driver/riscv_mc/timer.o
 .bss           0x0000000000000000        0x0 ./src/bsp/driver/riscv_mc/timer.o
 .text.timer_isr
                0x0000000000000000       0x54 ./src/bsp/driver/riscv_mc/timer.o
 .text.timer_init
                0x0000000000000000       0x5e ./src/bsp/driver/riscv_mc/timer.o
 .text.timer_start
                0x0000000000000000       0xac ./src/bsp/driver/riscv_mc/timer.o
 .text.timer_stop
                0x0000000000000000       0x48 ./src/bsp/driver/riscv_mc/timer.o
 .text.timer_get_mtime
                0x0000000000000000       0xa4 ./src/bsp/driver/riscv_mc/timer.o
 .text.timer_set_mtime
                0x0000000000000000       0x70 ./src/bsp/driver/riscv_mc/timer.o
 .text.timer_get_mtimecmp
                0x0000000000000000       0xa4 ./src/bsp/driver/riscv_mc/timer.o
 .text.timer_set_mtimecmp
                0x0000000000000000       0x70 ./src/bsp/driver/riscv_mc/timer.o
 .text.timer_reload
                0x0000000000000000       0x96 ./src/bsp/driver/riscv_mc/timer.o
 .debug_info    0x0000000000000000      0x4a8 ./src/bsp/driver/riscv_mc/timer.o
 .debug_abbrev  0x0000000000000000      0x15e ./src/bsp/driver/riscv_mc/timer.o
 .debug_aranges
                0x0000000000000000       0x60 ./src/bsp/driver/riscv_mc/timer.o
 .debug_ranges  0x0000000000000000       0x50 ./src/bsp/driver/riscv_mc/timer.o
 .debug_macro   0x0000000000000000      0x151 ./src/bsp/driver/riscv_mc/timer.o
 .debug_macro   0x0000000000000000      0x778 ./src/bsp/driver/riscv_mc/timer.o
 .debug_macro   0x0000000000000000      0x4c5 ./src/bsp/driver/riscv_mc/timer.o
 .debug_macro   0x0000000000000000       0x8e ./src/bsp/driver/riscv_mc/timer.o
 .debug_macro   0x0000000000000000       0x51 ./src/bsp/driver/riscv_mc/timer.o
 .debug_macro   0x0000000000000000      0x103 ./src/bsp/driver/riscv_mc/timer.o
 .debug_macro   0x0000000000000000       0x6a ./src/bsp/driver/riscv_mc/timer.o
 .debug_macro   0x0000000000000000      0x1df ./src/bsp/driver/riscv_mc/timer.o
 .debug_macro   0x0000000000000000       0x1c ./src/bsp/driver/riscv_mc/timer.o
 .debug_macro   0x0000000000000000       0x35 ./src/bsp/driver/riscv_mc/timer.o
 .debug_macro   0x0000000000000000      0x201 ./src/bsp/driver/riscv_mc/timer.o
 .debug_macro   0x0000000000000000       0x3b ./src/bsp/driver/riscv_mc/timer.o
 .debug_macro   0x0000000000000000       0x34 ./src/bsp/driver/riscv_mc/timer.o
 .debug_macro   0x0000000000000000       0x82 ./src/bsp/driver/riscv_mc/timer.o
 .debug_macro   0x0000000000000000      0x4cc ./src/bsp/driver/riscv_mc/timer.o
 .debug_macro   0x0000000000000000       0x58 ./src/bsp/driver/riscv_mc/timer.o
 .debug_macro   0x0000000000000000       0x16 ./src/bsp/driver/riscv_mc/timer.o
 .debug_macro   0x0000000000000000       0x97 ./src/bsp/driver/riscv_mc/timer.o
 .debug_macro   0x0000000000000000       0x35 ./src/bsp/driver/riscv_mc/timer.o
 .debug_macro   0x0000000000000000       0x10 ./src/bsp/driver/riscv_mc/timer.o
 .debug_macro   0x0000000000000000       0x20 ./src/bsp/driver/riscv_mc/timer.o
 .debug_macro   0x0000000000000000       0xf9 ./src/bsp/driver/riscv_mc/timer.o
 .debug_macro   0x0000000000000000       0x8d ./src/bsp/driver/riscv_mc/timer.o
 .debug_macro   0x0000000000000000       0x22 ./src/bsp/driver/riscv_mc/timer.o
 .debug_line    0x0000000000000000      0x687 ./src/bsp/driver/riscv_mc/timer.o
 .debug_str     0x0000000000000000     0x6ea1 ./src/bsp/driver/riscv_mc/timer.o
 .comment       0x0000000000000000       0x34 ./src/bsp/driver/riscv_mc/timer.o
 .debug_frame   0x0000000000000000      0x1bc ./src/bsp/driver/riscv_mc/timer.o
 .group         0x0000000000000000        0xc ./src/bsp/driver/riscv_mc/util.o
 .group         0x0000000000000000        0xc ./src/bsp/driver/riscv_mc/util.o
 .group         0x0000000000000000        0xc ./src/bsp/driver/riscv_mc/util.o
 .group         0x0000000000000000        0xc ./src/bsp/driver/riscv_mc/util.o
 .group         0x0000000000000000        0xc ./src/bsp/driver/riscv_mc/util.o
 .group         0x0000000000000000        0xc ./src/bsp/driver/riscv_mc/util.o
 .group         0x0000000000000000        0xc ./src/bsp/driver/riscv_mc/util.o
 .group         0x0000000000000000        0xc ./src/bsp/driver/riscv_mc/util.o
 .group         0x0000000000000000        0xc ./src/bsp/driver/riscv_mc/util.o
 .group         0x0000000000000000        0xc ./src/bsp/driver/riscv_mc/util.o
 .group         0x0000000000000000        0xc ./src/bsp/driver/riscv_mc/util.o
 .group         0x0000000000000000        0xc ./src/bsp/driver/riscv_mc/util.o
 .group         0x0000000000000000        0xc ./src/bsp/driver/riscv_mc/util.o
 .group         0x0000000000000000        0xc ./src/bsp/driver/riscv_mc/util.o
 .group         0x0000000000000000        0xc ./src/bsp/driver/riscv_mc/util.o
 .group         0x0000000000000000        0xc ./src/bsp/driver/riscv_mc/util.o
 .group         0x0000000000000000        0xc ./src/bsp/driver/riscv_mc/util.o
 .group         0x0000000000000000        0xc ./src/bsp/driver/riscv_mc/util.o
 .group         0x0000000000000000        0xc ./src/bsp/driver/riscv_mc/util.o
 .group         0x0000000000000000        0xc ./src/bsp/driver/riscv_mc/util.o
 .text          0x0000000000000000        0x0 ./src/bsp/driver/riscv_mc/util.o
 .data          0x0000000000000000        0x0 ./src/bsp/driver/riscv_mc/util.o
 .bss           0x0000000000000000        0x0 ./src/bsp/driver/riscv_mc/util.o
 .text.big_little_convert
                0x0000000000000000       0x6e ./src/bsp/driver/riscv_mc/util.o
 .debug_info    0x0000000000000000      0x108 ./src/bsp/driver/riscv_mc/util.o
 .debug_abbrev  0x0000000000000000       0x96 ./src/bsp/driver/riscv_mc/util.o
 .debug_aranges
                0x0000000000000000       0x20 ./src/bsp/driver/riscv_mc/util.o
 .debug_ranges  0x0000000000000000       0x10 ./src/bsp/driver/riscv_mc/util.o
 .debug_macro   0x0000000000000000      0x100 ./src/bsp/driver/riscv_mc/util.o
 .debug_macro   0x0000000000000000      0x778 ./src/bsp/driver/riscv_mc/util.o
 .debug_macro   0x0000000000000000      0x4c5 ./src/bsp/driver/riscv_mc/util.o
 .debug_macro   0x0000000000000000       0x35 ./src/bsp/driver/riscv_mc/util.o
 .debug_macro   0x0000000000000000       0x94 ./src/bsp/driver/riscv_mc/util.o
 .debug_macro   0x0000000000000000      0x201 ./src/bsp/driver/riscv_mc/util.o
 .debug_macro   0x0000000000000000       0x3b ./src/bsp/driver/riscv_mc/util.o
 .debug_macro   0x0000000000000000      0x103 ./src/bsp/driver/riscv_mc/util.o
 .debug_macro   0x0000000000000000       0x34 ./src/bsp/driver/riscv_mc/util.o
 .debug_macro   0x0000000000000000       0x57 ./src/bsp/driver/riscv_mc/util.o
 .debug_macro   0x0000000000000000       0x6a ./src/bsp/driver/riscv_mc/util.o
 .debug_macro   0x0000000000000000      0x1df ./src/bsp/driver/riscv_mc/util.o
 .debug_macro   0x0000000000000000       0x82 ./src/bsp/driver/riscv_mc/util.o
 .debug_macro   0x0000000000000000      0x4cc ./src/bsp/driver/riscv_mc/util.o
 .debug_macro   0x0000000000000000       0x58 ./src/bsp/driver/riscv_mc/util.o
 .debug_macro   0x0000000000000000       0x16 ./src/bsp/driver/riscv_mc/util.o
 .debug_macro   0x0000000000000000       0x97 ./src/bsp/driver/riscv_mc/util.o
 .debug_macro   0x0000000000000000       0x35 ./src/bsp/driver/riscv_mc/util.o
 .debug_macro   0x0000000000000000       0x10 ./src/bsp/driver/riscv_mc/util.o
 .debug_macro   0x0000000000000000       0x20 ./src/bsp/driver/riscv_mc/util.o
 .debug_macro   0x0000000000000000       0xf9 ./src/bsp/driver/riscv_mc/util.o
 .debug_line    0x0000000000000000      0x321 ./src/bsp/driver/riscv_mc/util.o
 .debug_str     0x0000000000000000     0x6ae6 ./src/bsp/driver/riscv_mc/util.o
 .comment       0x0000000000000000       0x34 ./src/bsp/driver/riscv_mc/util.o
 .debug_frame   0x0000000000000000       0x34 ./src/bsp/driver/riscv_mc/util.o
 .group         0x0000000000000000        0xc ./src/bsp/driver/i2c_controller/i2c_master.o
 .group         0x0000000000000000        0xc ./src/bsp/driver/i2c_controller/i2c_master.o
 .group         0x0000000000000000        0xc ./src/bsp/driver/i2c_controller/i2c_master.o
 .group         0x0000000000000000        0xc ./src/bsp/driver/i2c_controller/i2c_master.o
 .group         0x0000000000000000        0xc ./src/bsp/driver/i2c_controller/i2c_master.o
 .group         0x0000000000000000        0xc ./src/bsp/driver/i2c_controller/i2c_master.o
 .group         0x0000000000000000        0xc ./src/bsp/driver/i2c_controller/i2c_master.o
 .group         0x0000000000000000        0xc ./src/bsp/driver/i2c_controller/i2c_master.o
 .group         0x0000000000000000        0xc ./src/bsp/driver/i2c_controller/i2c_master.o
 .group         0x0000000000000000        0xc ./src/bsp/driver/i2c_controller/i2c_master.o
 .group         0x0000000000000000        0xc ./src/bsp/driver/i2c_controller/i2c_master.o
 .group         0x0000000000000000        0xc ./src/bsp/driver/i2c_controller/i2c_master.o
 .text          0x0000000000000000        0x0 ./src/bsp/driver/i2c_controller/i2c_master.o
 .data          0x0000000000000000        0x0 ./src/bsp/driver/i2c_controller/i2c_master.o
 .bss           0x0000000000000000        0x0 ./src/bsp/driver/i2c_controller/i2c_master.o
 .text.i2c_master_read
                0x0000000000000000      0x214 ./src/bsp/driver/i2c_controller/i2c_master.o
 .text.i2c_master_repeated_start
                0x0000000000000000      0x4ba ./src/bsp/driver/i2c_controller/i2c_master.o
 .text.i2c_master_isr
                0x0000000000000000      0x12e ./src/bsp/driver/i2c_controller/i2c_master.o
 .debug_macro   0x0000000000000000      0x778 ./src/bsp/driver/i2c_controller/i2c_master.o
 .debug_macro   0x0000000000000000      0x4c5 ./src/bsp/driver/i2c_controller/i2c_master.o
 .debug_macro   0x0000000000000000       0x8e ./src/bsp/driver/i2c_controller/i2c_master.o
 .debug_macro   0x0000000000000000       0x51 ./src/bsp/driver/i2c_controller/i2c_master.o
 .debug_macro   0x0000000000000000      0x103 ./src/bsp/driver/i2c_controller/i2c_master.o
 .debug_macro   0x0000000000000000       0x6a ./src/bsp/driver/i2c_controller/i2c_master.o
 .debug_macro   0x0000000000000000      0x1df ./src/bsp/driver/i2c_controller/i2c_master.o
 .debug_macro   0x0000000000000000       0x22 ./src/bsp/driver/i2c_controller/i2c_master.o
 .group         0x0000000000000000        0xc ./src/bsp/driver/gpio/gpio.o
 .group         0x0000000000000000        0xc ./src/bsp/driver/gpio/gpio.o
 .group         0x0000000000000000        0xc ./src/bsp/driver/gpio/gpio.o
 .group         0x0000000000000000        0xc ./src/bsp/driver/gpio/gpio.o
 .group         0x0000000000000000        0xc ./src/bsp/driver/gpio/gpio.o
 .group         0x0000000000000000        0xc ./src/bsp/driver/gpio/gpio.o
 .group         0x0000000000000000        0xc ./src/bsp/driver/gpio/gpio.o
 .group         0x0000000000000000        0xc ./src/bsp/driver/gpio/gpio.o
 .group         0x0000000000000000        0xc ./src/bsp/driver/gpio/gpio.o
 .group         0x0000000000000000        0xc ./src/bsp/driver/gpio/gpio.o
 .text          0x0000000000000000        0x0 ./src/bsp/driver/gpio/gpio.o
 .data          0x0000000000000000        0x0 ./src/bsp/driver/gpio/gpio.o
 .bss           0x0000000000000000        0x0 ./src/bsp/driver/gpio/gpio.o
 .text.gpio_set_direction
                0x0000000000000000       0x5a ./src/bsp/driver/gpio/gpio.o
 .text.gpio_input_get
                0x0000000000000000       0x3e ./src/bsp/driver/gpio/gpio.o
 .debug_macro   0x0000000000000000      0x778 ./src/bsp/driver/gpio/gpio.o
 .debug_macro   0x0000000000000000      0x4c5 ./src/bsp/driver/gpio/gpio.o
 .debug_macro   0x0000000000000000       0x8e ./src/bsp/driver/gpio/gpio.o
 .debug_macro   0x0000000000000000       0x51 ./src/bsp/driver/gpio/gpio.o
 .debug_macro   0x0000000000000000      0x103 ./src/bsp/driver/gpio/gpio.o
 .debug_macro   0x0000000000000000       0x6a ./src/bsp/driver/gpio/gpio.o
 .debug_macro   0x0000000000000000      0x1df ./src/bsp/driver/gpio/gpio.o
 .debug_macro   0x0000000000000000      0x174 ./src/bsp/driver/gpio/gpio.o
 .group         0x0000000000000000        0xc ./src/main.o
 .group         0x0000000000000000        0xc ./src/main.o
 .group         0x0000000000000000        0xc ./src/main.o
 .group         0x0000000000000000        0xc ./src/main.o
 .group         0x0000000000000000        0xc ./src/main.o
 .group         0x0000000000000000        0xc ./src/main.o
 .group         0x0000000000000000        0xc ./src/main.o
 .group         0x0000000000000000        0xc ./src/main.o
 .group         0x0000000000000000        0xc ./src/main.o
 .group         0x0000000000000000        0xc ./src/main.o
 .group         0x0000000000000000        0xc ./src/main.o
 .group         0x0000000000000000        0xc ./src/main.o
 .group         0x0000000000000000        0xc ./src/main.o
 .group         0x0000000000000000        0xc ./src/main.o
 .group         0x0000000000000000        0xc ./src/main.o
 .group         0x0000000000000000        0xc ./src/main.o
 .group         0x0000000000000000        0xc ./src/main.o
 .group         0x0000000000000000        0xc ./src/main.o
 .group         0x0000000000000000        0xc ./src/main.o
 .group         0x0000000000000000        0xc ./src/main.o
 .group         0x0000000000000000        0xc ./src/main.o
 .group         0x0000000000000000        0xc ./src/main.o
 .group         0x0000000000000000        0xc ./src/main.o
 .group         0x0000000000000000        0xc ./src/main.o
 .group         0x0000000000000000        0xc ./src/main.o
 .group         0x0000000000000000        0xc ./src/main.o
 .group         0x0000000000000000        0xc ./src/main.o
 .group         0x0000000000000000        0xc ./src/main.o
 .group         0x0000000000000000        0xc ./src/main.o
 .group         0x0000000000000000        0xc ./src/main.o
 .text          0x0000000000000000        0x0 ./src/main.o
 .data          0x0000000000000000        0x0 ./src/main.o
 .bss           0x0000000000000000        0x0 ./src/main.o
 .sdata.oled_on
                0x0000000000000000        0x3 ./src/main.o
 .sdata.oled_off
                0x0000000000000000        0x2 ./src/main.o
 .debug_macro   0x0000000000000000      0x778 ./src/main.o
 .debug_macro   0x0000000000000000       0x10 ./src/main.o
 .debug_macro   0x0000000000000000      0x4c5 ./src/main.o
 .debug_macro   0x0000000000000000       0x8e ./src/main.o
 .debug_macro   0x0000000000000000       0x51 ./src/main.o
 .debug_macro   0x0000000000000000      0x103 ./src/main.o
 .debug_macro   0x0000000000000000       0x6a ./src/main.o
 .debug_macro   0x0000000000000000      0x1df ./src/main.o
 .debug_macro   0x0000000000000000       0x10 ./src/main.o
 .debug_macro   0x0000000000000000       0x35 ./src/main.o
 .debug_macro   0x0000000000000000      0x201 ./src/main.o
 .debug_macro   0x0000000000000000       0x3b ./src/main.o
 .debug_macro   0x0000000000000000       0x34 ./src/main.o
 .debug_macro   0x0000000000000000       0x82 ./src/main.o
 .debug_macro   0x0000000000000000      0x4cc ./src/main.o
 .debug_macro   0x0000000000000000       0x58 ./src/main.o
 .debug_macro   0x0000000000000000       0x16 ./src/main.o
 .debug_macro   0x0000000000000000       0x97 ./src/main.o
 .debug_macro   0x0000000000000000       0x35 ./src/main.o
 .debug_macro   0x0000000000000000       0x10 ./src/main.o
 .debug_macro   0x0000000000000000       0x20 ./src/main.o
 .debug_macro   0x0000000000000000       0xf9 ./src/main.o
 .debug_macro   0x0000000000000000       0x8d ./src/main.o
 .debug_macro   0x0000000000000000       0x22 ./src/main.o
 .debug_macro   0x0000000000000000      0x358 ./src/main.o
 .debug_macro   0x0000000000000000      0x193 ./src/main.o
 .group         0x0000000000000000        0xc ./src/utils.o
 .group         0x0000000000000000        0xc ./src/utils.o
 .group         0x0000000000000000        0xc ./src/utils.o
 .group         0x0000000000000000        0xc ./src/utils.o
 .group         0x0000000000000000        0xc ./src/utils.o
 .group         0x0000000000000000        0xc ./src/utils.o
 .group         0x0000000000000000        0xc ./src/utils.o
 .group         0x0000000000000000        0xc ./src/utils.o
 .group         0x0000000000000000        0xc ./src/utils.o
 .text          0x0000000000000000        0x0 ./src/utils.o
 .data          0x0000000000000000        0x0 ./src/utils.o
 .bss           0x0000000000000000        0x0 ./src/utils.o
 .debug_macro   0x0000000000000000      0x778 ./src/utils.o
 .debug_macro   0x0000000000000000      0x4c5 ./src/utils.o
 .debug_macro   0x0000000000000000       0x8e ./src/utils.o
 .debug_macro   0x0000000000000000       0x51 ./src/utils.o
 .debug_macro   0x0000000000000000      0x103 ./src/utils.o
 .debug_macro   0x0000000000000000       0x6a ./src/utils.o
 .debug_macro   0x0000000000000000      0x1df ./src/utils.o
 .debug_macro   0x0000000000000000      0x193 ./src/utils.o
 .text          0x0000000000000000        0x0 c:\lscc\propel\2023.2\sdk\riscv-none-embed-gcc\bin\../riscv-none-embed/picolibc/riscv-none-embed/lib/rv32imc/ilp32\libc.a(libc_tinystdio_printf.c.o)
 .data          0x0000000000000000        0x0 c:\lscc\propel\2023.2\sdk\riscv-none-embed-gcc\bin\../riscv-none-embed/picolibc/riscv-none-embed/lib/rv32imc/ilp32\libc.a(libc_tinystdio_printf.c.o)
 .bss           0x0000000000000000        0x0 c:\lscc\propel\2023.2\sdk\riscv-none-embed-gcc\bin\../riscv-none-embed/picolibc/riscv-none-embed/lib/rv32imc/ilp32\libc.a(libc_tinystdio_printf.c.o)
 .text          0x0000000000000000        0x0 c:\lscc\propel\2023.2\sdk\riscv-none-embed-gcc\bin\../riscv-none-embed/picolibc/riscv-none-embed/lib/rv32imc/ilp32\libc.a(libc_tinystdio_putchar.c.o)
 .data          0x0000000000000000        0x0 c:\lscc\propel\2023.2\sdk\riscv-none-embed-gcc\bin\../riscv-none-embed/picolibc/riscv-none-embed/lib/rv32imc/ilp32\libc.a(libc_tinystdio_putchar.c.o)
 .bss           0x0000000000000000        0x0 c:\lscc\propel\2023.2\sdk\riscv-none-embed-gcc\bin\../riscv-none-embed/picolibc/riscv-none-embed/lib/rv32imc/ilp32\libc.a(libc_tinystdio_putchar.c.o)
 .text          0x0000000000000000        0x0 c:\lscc\propel\2023.2\sdk\riscv-none-embed-gcc\bin\../riscv-none-embed/picolibc/riscv-none-embed/lib/rv32imc/ilp32\libc.a(libc_tinystdio_puts.c.o)
 .data          0x0000000000000000        0x0 c:\lscc\propel\2023.2\sdk\riscv-none-embed-gcc\bin\../riscv-none-embed/picolibc/riscv-none-embed/lib/rv32imc/ilp32\libc.a(libc_tinystdio_puts.c.o)
 .bss           0x0000000000000000        0x0 c:\lscc\propel\2023.2\sdk\riscv-none-embed-gcc\bin\../riscv-none-embed/picolibc/riscv-none-embed/lib/rv32imc/ilp32\libc.a(libc_tinystdio_puts.c.o)
 .text          0x0000000000000000        0x0 c:\lscc\propel\2023.2\sdk\riscv-none-embed-gcc\bin\../riscv-none-embed/picolibc/riscv-none-embed/lib/rv32imc/ilp32\libc.a(libc_tinystdio_vfiprintf.c.o)
 .data          0x0000000000000000        0x0 c:\lscc\propel\2023.2\sdk\riscv-none-embed-gcc\bin\../riscv-none-embed/picolibc/riscv-none-embed/lib/rv32imc/ilp32\libc.a(libc_tinystdio_vfiprintf.c.o)
 .bss           0x0000000000000000        0x0 c:\lscc\propel\2023.2\sdk\riscv-none-embed-gcc\bin\../riscv-none-embed/picolibc/riscv-none-embed/lib/rv32imc/ilp32\libc.a(libc_tinystdio_vfiprintf.c.o)
 .text          0x0000000000000000        0x0 c:\lscc\propel\2023.2\sdk\riscv-none-embed-gcc\bin\../riscv-none-embed/picolibc/riscv-none-embed/lib/rv32imc/ilp32\libc.a(libc_tinystdio_vfiscanf.c.o)
 .data          0x0000000000000000        0x0 c:\lscc\propel\2023.2\sdk\riscv-none-embed-gcc\bin\../riscv-none-embed/picolibc/riscv-none-embed/lib/rv32imc/ilp32\libc.a(libc_tinystdio_vfiscanf.c.o)
 .bss           0x0000000000000000        0x0 c:\lscc\propel\2023.2\sdk\riscv-none-embed-gcc\bin\../riscv-none-embed/picolibc/riscv-none-embed/lib/rv32imc/ilp32\libc.a(libc_tinystdio_vfiscanf.c.o)
 .text.scanf_getc
                0x0000000000000000       0x24 c:\lscc\propel\2023.2\sdk\riscv-none-embed-gcc\bin\../riscv-none-embed/picolibc/riscv-none-embed/lib/rv32imc/ilp32\libc.a(libc_tinystdio_vfiscanf.c.o)
 .text.scanf_ungetc
                0x0000000000000000       0x24 c:\lscc\propel\2023.2\sdk\riscv-none-embed-gcc\bin\../riscv-none-embed/picolibc/riscv-none-embed/lib/rv32imc/ilp32\libc.a(libc_tinystdio_vfiscanf.c.o)
 .text.skip_spaces
                0x0000000000000000       0x4c c:\lscc\propel\2023.2\sdk\riscv-none-embed-gcc\bin\../riscv-none-embed/picolibc/riscv-none-embed/lib/rv32imc/ilp32\libc.a(libc_tinystdio_vfiscanf.c.o)
 .text.putval   0x0000000000000000       0x34 c:\lscc\propel\2023.2\sdk\riscv-none-embed-gcc\bin\../riscv-none-embed/picolibc/riscv-none-embed/lib/rv32imc/ilp32\libc.a(libc_tinystdio_vfiscanf.c.o)
 .rodata.str1.4
                0x0000000000000000        0xc c:\lscc\propel\2023.2\sdk\riscv-none-embed-gcc\bin\../riscv-none-embed/picolibc/riscv-none-embed/lib/rv32imc/ilp32\libc.a(libc_tinystdio_vfiscanf.c.o)
 .text.vfscanf  0x0000000000000000      0x4f2 c:\lscc\propel\2023.2\sdk\riscv-none-embed-gcc\bin\../riscv-none-embed/picolibc/riscv-none-embed/lib/rv32imc/ilp32\libc.a(libc_tinystdio_vfiscanf.c.o)
 .comment       0x0000000000000000       0x34 c:\lscc\propel\2023.2\sdk\riscv-none-embed-gcc\bin\../riscv-none-embed/picolibc/riscv-none-embed/lib/rv32imc/ilp32\libc.a(libc_tinystdio_vfiscanf.c.o)
 .text          0x0000000000000000        0x0 c:\lscc\propel\2023.2\sdk\riscv-none-embed-gcc\bin\../riscv-none-embed/picolibc/riscv-none-embed/lib/rv32imc/ilp32\libc.a(memset.S.o)
 .data          0x0000000000000000        0x0 c:\lscc\propel\2023.2\sdk\riscv-none-embed-gcc\bin\../riscv-none-embed/picolibc/riscv-none-embed/lib/rv32imc/ilp32\libc.a(memset.S.o)
 .bss           0x0000000000000000        0x0 c:\lscc\propel\2023.2\sdk\riscv-none-embed-gcc\bin\../riscv-none-embed/picolibc/riscv-none-embed/lib/rv32imc/ilp32\libc.a(memset.S.o)
 .text.memset   0x0000000000000000       0xa8 c:\lscc\propel\2023.2\sdk\riscv-none-embed-gcc\bin\../riscv-none-embed/picolibc/riscv-none-embed/lib/rv32imc/ilp32\libc.a(memset.S.o)
 .text          0x0000000000000000        0x0 c:\lscc\propel\2023.2\sdk\riscv-none-embed-gcc\bin\../riscv-none-embed/picolibc/riscv-none-embed/lib/rv32imc/ilp32\libc.a(libc_string_strchr.c.o)
 .data          0x0000000000000000        0x0 c:\lscc\propel\2023.2\sdk\riscv-none-embed-gcc\bin\../riscv-none-embed/picolibc/riscv-none-embed/lib/rv32imc/ilp32\libc.a(libc_string_strchr.c.o)
 .bss           0x0000000000000000        0x0 c:\lscc\propel\2023.2\sdk\riscv-none-embed-gcc\bin\../riscv-none-embed/picolibc/riscv-none-embed/lib/rv32imc/ilp32\libc.a(libc_string_strchr.c.o)
 .text.strchr   0x0000000000000000       0x1a c:\lscc\propel\2023.2\sdk\riscv-none-embed-gcc\bin\../riscv-none-embed/picolibc/riscv-none-embed/lib/rv32imc/ilp32\libc.a(libc_string_strchr.c.o)
 .comment       0x0000000000000000       0x34 c:\lscc\propel\2023.2\sdk\riscv-none-embed-gcc\bin\../riscv-none-embed/picolibc/riscv-none-embed/lib/rv32imc/ilp32\libc.a(libc_string_strchr.c.o)
 .text          0x0000000000000000        0x0 c:\lscc\propel\2023.2\sdk\riscv-none-embed-gcc\bin\../riscv-none-embed/picolibc/riscv-none-embed/lib/rv32imc/ilp32\libc.a(libc_string_strnlen.c.o)
 .data          0x0000000000000000        0x0 c:\lscc\propel\2023.2\sdk\riscv-none-embed-gcc\bin\../riscv-none-embed/picolibc/riscv-none-embed/lib/rv32imc/ilp32\libc.a(libc_string_strnlen.c.o)
 .bss           0x0000000000000000        0x0 c:\lscc\propel\2023.2\sdk\riscv-none-embed-gcc\bin\../riscv-none-embed/picolibc/riscv-none-embed/lib/rv32imc/ilp32\libc.a(libc_string_strnlen.c.o)
 .text          0x0000000000000000        0x0 c:\lscc\propel\2023.2\sdk\riscv-none-embed-gcc\bin\../riscv-none-embed/picolibc/riscv-none-embed/lib/rv32imc/ilp32\libc.a(libc_tinystdio_fgetc.c.o)
 .data          0x0000000000000000        0x0 c:\lscc\propel\2023.2\sdk\riscv-none-embed-gcc\bin\../riscv-none-embed/picolibc/riscv-none-embed/lib/rv32imc/ilp32\libc.a(libc_tinystdio_fgetc.c.o)
 .bss           0x0000000000000000        0x0 c:\lscc\propel\2023.2\sdk\riscv-none-embed-gcc\bin\../riscv-none-embed/picolibc/riscv-none-embed/lib/rv32imc/ilp32\libc.a(libc_tinystdio_fgetc.c.o)
 .text.fgetc    0x0000000000000000       0x58 c:\lscc\propel\2023.2\sdk\riscv-none-embed-gcc\bin\../riscv-none-embed/picolibc/riscv-none-embed/lib/rv32imc/ilp32\libc.a(libc_tinystdio_fgetc.c.o)
 .comment       0x0000000000000000       0x34 c:\lscc\propel\2023.2\sdk\riscv-none-embed-gcc\bin\../riscv-none-embed/picolibc/riscv-none-embed/lib/rv32imc/ilp32\libc.a(libc_tinystdio_fgetc.c.o)
 .text          0x0000000000000000        0x0 c:\lscc\propel\2023.2\sdk\riscv-none-embed-gcc\bin\../riscv-none-embed/picolibc/riscv-none-embed/lib/rv32imc/ilp32\libc.a(libc_tinystdio_fputc.c.o)
 .data          0x0000000000000000        0x0 c:\lscc\propel\2023.2\sdk\riscv-none-embed-gcc\bin\../riscv-none-embed/picolibc/riscv-none-embed/lib/rv32imc/ilp32\libc.a(libc_tinystdio_fputc.c.o)
 .bss           0x0000000000000000        0x0 c:\lscc\propel\2023.2\sdk\riscv-none-embed-gcc\bin\../riscv-none-embed/picolibc/riscv-none-embed/lib/rv32imc/ilp32\libc.a(libc_tinystdio_fputc.c.o)
 .text          0x0000000000000000        0x0 c:\lscc\propel\2023.2\sdk\riscv-none-embed-gcc\bin\../riscv-none-embed/picolibc/riscv-none-embed/lib/rv32imc/ilp32\libc.a(libc_tinystdio_ungetc.c.o)
 .data          0x0000000000000000        0x0 c:\lscc\propel\2023.2\sdk\riscv-none-embed-gcc\bin\../riscv-none-embed/picolibc/riscv-none-embed/lib/rv32imc/ilp32\libc.a(libc_tinystdio_ungetc.c.o)
 .bss           0x0000000000000000        0x0 c:\lscc\propel\2023.2\sdk\riscv-none-embed-gcc\bin\../riscv-none-embed/picolibc/riscv-none-embed/lib/rv32imc/ilp32\libc.a(libc_tinystdio_ungetc.c.o)
 .text.ungetc   0x0000000000000000       0x3e c:\lscc\propel\2023.2\sdk\riscv-none-embed-gcc\bin\../riscv-none-embed/picolibc/riscv-none-embed/lib/rv32imc/ilp32\libc.a(libc_tinystdio_ungetc.c.o)
 .comment       0x0000000000000000       0x34 c:\lscc\propel\2023.2\sdk\riscv-none-embed-gcc\bin\../riscv-none-embed/picolibc/riscv-none-embed/lib/rv32imc/ilp32\libc.a(libc_tinystdio_ungetc.c.o)
 .text          0x0000000000000000        0x0 c:\lscc\propel\2023.2\sdk\riscv-none-embed-gcc\bin\../riscv-none-embed/picolibc/riscv-none-embed/lib/rv32imc/ilp32\libc.a(libc_tinystdio_exchange.c.o)
 .data          0x0000000000000000        0x0 c:\lscc\propel\2023.2\sdk\riscv-none-embed-gcc\bin\../riscv-none-embed/picolibc/riscv-none-embed/lib/rv32imc/ilp32\libc.a(libc_tinystdio_exchange.c.o)
 .bss           0x0000000000000000        0x0 c:\lscc\propel\2023.2\sdk\riscv-none-embed-gcc\bin\../riscv-none-embed/picolibc/riscv-none-embed/lib/rv32imc/ilp32\libc.a(libc_tinystdio_exchange.c.o)
 .text.__picolibc_non_atomic_exchange_ungetc
                0x0000000000000000        0xc c:\lscc\propel\2023.2\sdk\riscv-none-embed-gcc\bin\../riscv-none-embed/picolibc/riscv-none-embed/lib/rv32imc/ilp32\libc.a(libc_tinystdio_exchange.c.o)
 .comment       0x0000000000000000       0x34 c:\lscc\propel\2023.2\sdk\riscv-none-embed-gcc\bin\../riscv-none-embed/picolibc/riscv-none-embed/lib/rv32imc/ilp32\libc.a(libc_tinystdio_exchange.c.o)
 .text          0x0000000000000000        0x0 c:\lscc\propel\2023.2\sdk\riscv-none-embed-gcc\bin\../riscv-none-embed/picolibc/riscv-none-embed/lib/rv32imc/ilp32\libc.a(libc_tinystdio_compare_exchange.c.o)
 .data          0x0000000000000000        0x0 c:\lscc\propel\2023.2\sdk\riscv-none-embed-gcc\bin\../riscv-none-embed/picolibc/riscv-none-embed/lib/rv32imc/ilp32\libc.a(libc_tinystdio_compare_exchange.c.o)
 .bss           0x0000000000000000        0x0 c:\lscc\propel\2023.2\sdk\riscv-none-embed-gcc\bin\../riscv-none-embed/picolibc/riscv-none-embed/lib/rv32imc/ilp32\libc.a(libc_tinystdio_compare_exchange.c.o)
 .text.__picolibc_non_atomic_compare_exchange_ungetc
                0x0000000000000000       0x10 c:\lscc\propel\2023.2\sdk\riscv-none-embed-gcc\bin\../riscv-none-embed/picolibc/riscv-none-embed/lib/rv32imc/ilp32\libc.a(libc_tinystdio_compare_exchange.c.o)
 .comment       0x0000000000000000       0x34 c:\lscc\propel\2023.2\sdk\riscv-none-embed-gcc\bin\../riscv-none-embed/picolibc/riscv-none-embed/lib/rv32imc/ilp32\libc.a(libc_tinystdio_compare_exchange.c.o)
 .data          0x0000000000000000        0x0 c:/lscc/propel/2023.2/sdk/riscv-none-embed-gcc/bin/../lib/gcc/riscv-none-embed/10.2.0/rv32imc/ilp32\libgcc.a(save-restore.o)
 .bss           0x0000000000000000        0x0 c:/lscc/propel/2023.2/sdk/riscv-none-embed-gcc/bin/../lib/gcc/riscv-none-embed/10.2.0/rv32imc/ilp32\libgcc.a(save-restore.o)
 .eh_frame      0x0000000000000000       0xf8 c:/lscc/propel/2023.2/sdk/riscv-none-embed-gcc/bin/../lib/gcc/riscv-none-embed/10.2.0/rv32imc/ilp32\libgcc.a(save-restore.o)

Memory Configuration

Name             Origin             Length             Attributes
sysmem0_inst     0x0000000000000000 0x0000000000008000 xrw
*default*        0x0000000000000000 0xffffffffffffffff

Linker script and memory map

                0x0000000000000eaa                vfprintf = __i_vfprintf
                0x0000000000000000                vfscanf = __i_vfscanf
LOAD ./src/bsp/driver/uart/uart.o
LOAD ./src/bsp/driver/riscv_mc/cache.o
LOAD ./src/bsp/driver/riscv_mc/crt0.o
LOAD ./src/bsp/driver/riscv_mc/exit.o
LOAD ./src/bsp/driver/riscv_mc/interrupt.o
LOAD ./src/bsp/driver/riscv_mc/iob.o
LOAD ./src/bsp/driver/riscv_mc/pic.o
LOAD ./src/bsp/driver/riscv_mc/reg_access.o
LOAD ./src/bsp/driver/riscv_mc/timer.o
LOAD ./src/bsp/driver/riscv_mc/util.o
LOAD ./src/bsp/driver/i2c_controller/i2c_master.o
LOAD ./src/bsp/driver/gpio/gpio.o
LOAD ./src/main.o
LOAD ./src/utils.o
LOAD c:/lscc/propel/2023.2/sdk/riscv-none-embed-gcc/bin/../lib/gcc/riscv-none-embed/10.2.0/rv32imc/ilp32\libgcc.a
START GROUP
LOAD c:/lscc/propel/2023.2/sdk/riscv-none-embed-gcc/bin/../lib/gcc/riscv-none-embed/10.2.0/rv32imc/ilp32\libgcc.a
LOAD c:\lscc\propel\2023.2\sdk\riscv-none-embed-gcc\bin\../riscv-none-embed/picolibc/riscv-none-embed/lib/rv32imc/ilp32\libc.a
END GROUP
LOAD c:/lscc/propel/2023.2/sdk/riscv-none-embed-gcc/bin/../lib/gcc/riscv-none-embed/10.2.0/rv32imc/ilp32\libgcc.a
                0x0000000000000000                _HEAP_SIZE = DEFINED (_HEAP_SIZE)?_HEAP_SIZE:0x0
                0x0000000000000a00                _STACK_SIZE = DEFINED (_STACK_SIZE)?_STACK_SIZE:0xa00

.text           0x0000000000000000     0x13dc
                0x0000000000000000                _ftext = .
 *(SORT_BY_NAME(.crt*))
 .crt0          0x0000000000000000       0x90 ./src/bsp/driver/riscv_mc/crt0.o
                0x0000000000000000                _start
                0x0000000000000010                trap_entry
 *(.text .text.* .gnu.linkonce.t.*)
 .text.uart_init
                0x0000000000000090       0x8a ./src/bsp/driver/uart/uart.o
                0x0000000000000090                uart_init
 .text.uart_putc
                0x000000000000011a       0x62 ./src/bsp/driver/uart/uart.o
                0x000000000000011a                uart_putc
 .text          0x000000000000017c       0xba ./src/bsp/driver/riscv_mc/crt0.o
 .text._exit    0x0000000000000236        0xc ./src/bsp/driver/riscv_mc/exit.o
                0x0000000000000236                _exit
 .text.irq_callback
                0x0000000000000242       0xbe ./src/bsp/driver/riscv_mc/interrupt.o
                0x0000000000000242                irq_callback
 .text.esr_callback
                0x0000000000000300       0x44 ./src/bsp/driver/riscv_mc/interrupt.o
                0x0000000000000300                esr_callback
 .text.iob_init
                0x0000000000000344       0x34 ./src/bsp/driver/riscv_mc/iob.o
                0x0000000000000344                iob_init
 .text.iob_putc
                0x0000000000000378       0x3c ./src/bsp/driver/riscv_mc/iob.o
 .text.iob_getc
                0x00000000000003b4       0x2c ./src/bsp/driver/riscv_mc/iob.o
 .text.iob_flush
                0x00000000000003e0       0x2c ./src/bsp/driver/riscv_mc/iob.o
 .text.pic_int_clear
                0x000000000000040c       0x26 ./src/bsp/driver/riscv_mc/pic.o
                0x000000000000040c                pic_int_clear
 .text.pic_int_pending
                0x0000000000000432       0x38 ./src/bsp/driver/riscv_mc/pic.o
                0x0000000000000432                pic_int_pending
 .text.reg_32b_modify
                0x000000000000046a       0x46 ./src/bsp/driver/riscv_mc/reg_access.o
                0x000000000000046a                reg_32b_modify
 .text.reg_8b_write
                0x00000000000004b0       0x2e ./src/bsp/driver/riscv_mc/reg_access.o
                0x00000000000004b0                reg_8b_write
 .text.reg_8b_modify
                0x00000000000004de       0x74 ./src/bsp/driver/riscv_mc/reg_access.o
                0x00000000000004de                reg_8b_modify
 .text.reg_8b_read
                0x0000000000000552       0x34 ./src/bsp/driver/riscv_mc/reg_access.o
                0x0000000000000552                reg_8b_read
 .text.i2c_master_init
                0x0000000000000586       0x54 ./src/bsp/driver/i2c_controller/i2c_master.o
                0x0000000000000586                i2c_master_init
 .text.i2c_master_config
                0x00000000000005da       0xfc ./src/bsp/driver/i2c_controller/i2c_master.o
                0x00000000000005da                i2c_master_config
 .text.i2c_master_write
                0x00000000000006d6      0x264 ./src/bsp/driver/i2c_controller/i2c_master.o
                0x00000000000006d6                i2c_master_write
 .text.gpio_init
                0x000000000000093a       0xd0 ./src/bsp/driver/gpio/gpio.o
                0x000000000000093a                gpio_init
 .text.gpio_output_write
                0x0000000000000a0a       0x4c ./src/bsp/driver/gpio/gpio.o
                0x0000000000000a0a                gpio_output_write
 .text.lscc_uart_putc
                0x0000000000000a56       0x5a ./src/main.o
 .text.lscc_uart_getc
                0x0000000000000ab0       0x14 ./src/main.o
 .text.lscc_uart_flush
                0x0000000000000ac4       0x14 ./src/main.o
 .text.bsp_init
                0x0000000000000ad8       0x7c ./src/main.o
 .text.oled_send
                0x0000000000000b54       0x34 ./src/main.o
                0x0000000000000b54                oled_send
 .text.oled_lattice
                0x0000000000000b88       0xa0 ./src/main.o
                0x0000000000000b88                oled_lattice
 .text.oled_clear
                0x0000000000000c28       0xc6 ./src/main.o
                0x0000000000000c28                oled_clear
 .text.main     0x0000000000000cee       0xba ./src/main.o
                0x0000000000000cee                main
 .text.delayCycle
                0x0000000000000da8       0x3e ./src/utils.o
                0x0000000000000da8                delayCycle
 .text.delay    0x0000000000000de6       0x1c ./src/utils.o
                0x0000000000000de6                delay
 .text.printf   0x0000000000000e02       0x26 c:\lscc\propel\2023.2\sdk\riscv-none-embed-gcc\bin\../riscv-none-embed/picolibc/riscv-none-embed/lib/rv32imc/ilp32\libc.a(libc_tinystdio_printf.c.o)
                0x0000000000000e02                printf
 .text.putchar  0x0000000000000e28        0x8 c:\lscc\propel\2023.2\sdk\riscv-none-embed-gcc\bin\../riscv-none-embed/picolibc/riscv-none-embed/lib/rv32imc/ilp32\libc.a(libc_tinystdio_putchar.c.o)
                0x0000000000000e28                putchar
 .text.puts     0x0000000000000e30       0x3c c:\lscc\propel\2023.2\sdk\riscv-none-embed-gcc\bin\../riscv-none-embed/picolibc/riscv-none-embed/lib/rv32imc/ilp32\libc.a(libc_tinystdio_puts.c.o)
                0x0000000000000e30                puts
 .text.__ultoa_invert
                0x0000000000000e6c       0x3e c:\lscc\propel\2023.2\sdk\riscv-none-embed-gcc\bin\../riscv-none-embed/picolibc/riscv-none-embed/lib/rv32imc/ilp32\libc.a(libc_tinystdio_vfiprintf.c.o)
 .text.vfprintf
                0x0000000000000eaa      0x498 c:\lscc\propel\2023.2\sdk\riscv-none-embed-gcc\bin\../riscv-none-embed/picolibc/riscv-none-embed/lib/rv32imc/ilp32\libc.a(libc_tinystdio_vfiprintf.c.o)
                0x0000000000000eaa                __i_vfprintf
 .text.strnlen  0x0000000000001342       0x18 c:\lscc\propel\2023.2\sdk\riscv-none-embed-gcc\bin\../riscv-none-embed/picolibc/riscv-none-embed/lib/rv32imc/ilp32\libc.a(libc_string_strnlen.c.o)
                0x0000000000001342                strnlen
 .text.fputc    0x000000000000135a       0x20 c:\lscc\propel\2023.2\sdk\riscv-none-embed-gcc\bin\../riscv-none-embed/picolibc/riscv-none-embed/lib/rv32imc/ilp32\libc.a(libc_tinystdio_fputc.c.o)
                0x000000000000135a                fputc
                0x000000000000135a                putc
 .text          0x000000000000137a       0x60 c:/lscc/propel/2023.2/sdk/riscv-none-embed-gcc/bin/../lib/gcc/riscv-none-embed/10.2.0/rv32imc/ilp32\libgcc.a(save-restore.o)
                0x000000000000137a                __riscv_save_12
                0x0000000000001382                __riscv_save_9
                0x0000000000001382                __riscv_save_11
                0x0000000000001382                __riscv_save_10
                0x0000000000001382                __riscv_save_8
                0x0000000000001390                __riscv_save_4
                0x0000000000001390                __riscv_save_6
                0x0000000000001390                __riscv_save_5
                0x0000000000001390                __riscv_save_7
                0x00000000000013aa                __riscv_save_3
                0x00000000000013aa                __riscv_save_2
                0x00000000000013aa                __riscv_save_1
                0x00000000000013aa                __riscv_save_0
                0x00000000000013b6                __riscv_restore_12
                0x00000000000013ba                __riscv_restore_11
                0x00000000000013ba                __riscv_restore_9
                0x00000000000013ba                __riscv_restore_10
                0x00000000000013ba                __riscv_restore_8
                0x00000000000013c4                __riscv_restore_5
                0x00000000000013c4                __riscv_restore_7
                0x00000000000013c4                __riscv_restore_6
                0x00000000000013c4                __riscv_restore_4
                0x00000000000013ce                __riscv_restore_3
                0x00000000000013ce                __riscv_restore_0
                0x00000000000013ce                __riscv_restore_2
                0x00000000000013ce                __riscv_restore_1
 *(.init)
 *(.fini)
                0x00000000000013dc                . = ALIGN (0x4)
 *fill*         0x00000000000013da        0x2 
                0x00000000000013dc                _etext = .

.ctors          0x00000000000013dc        0x0
                0x00000000000013dc                _ctors_start = .
 *(.init_array*)
 *(SORT_BY_NAME(.ctors.*))
 *(.ctors)
                0x00000000000013dc                . = ALIGN (0x4)
                0x00000000000013dc                _ctors_end = .

.dtors          0x00000000000013dc        0x0
                0x00000000000013dc                _dtors_start = .
 *(SORT_BY_NAME(.dtors.*))
 *(.dtors)
                0x00000000000013dc                . = ALIGN (0x4)

.rodata         0x00000000000013dc       0x70
 *(.rdata)
 *(.rodata .rodata.*)
 .rodata        0x00000000000013dc       0x32 ./src/bsp/driver/riscv_mc/interrupt.o
 *fill*         0x000000000000140e        0x2 
 .rodata.__iob  0x0000000000001410        0xc ./src/bsp/driver/riscv_mc/iob.o
                0x0000000000001410                __iob
 .rodata        0x000000000000141c       0x20 ./src/main.o
 .rodata.str1.4
                0x000000000000143c       0x10 c:\lscc\propel\2023.2\sdk\riscv-none-embed-gcc\bin\../riscv-none-embed/picolibc/riscv-none-embed/lib/rv32imc/ilp32\libc.a(libc_tinystdio_vfiprintf.c.o)
 *(.gnu.linkonce.r.*)
                0x000000000000144c                . = ALIGN (0x4)

.rela.dyn       0x000000000000144c        0x0
 .rela.text     0x000000000000144c        0x0 ./src/bsp/driver/uart/uart.o
 .rela.text.printf
                0x000000000000144c        0x0 ./src/bsp/driver/uart/uart.o
 .rela.text.putchar
                0x000000000000144c        0x0 ./src/bsp/driver/uart/uart.o
 .rela.text.puts
                0x000000000000144c        0x0 ./src/bsp/driver/uart/uart.o

.data           0x000000000000144c      0x1b0
 *(.data .data.*)
 .data.__stdio  0x000000000000144c       0x14 ./src/bsp/driver/riscv_mc/iob.o
 .data.oled_init
                0x0000000000001460       0x1b ./src/main.o
 *fill*         0x000000000000147b        0x1 
 .data.lattice1
                0x000000000000147c       0xb5 ./src/main.o
 *fill*         0x0000000000001531        0x3 
 .data.lattice2
                0x0000000000001534       0xb5 ./src/main.o
 *(.gnu.linkonce.d.*)
                0x00000000000015ec                . = ALIGN (0x4)
 *fill*         0x00000000000015e9        0x3 
                0x0000000000001dec                PROVIDE (__global_pointer$ = (. + 0x800))
 *(.sdata .sdata.*)
 .sdata.oled_normal
                0x00000000000015ec        0x2 ./src/main.o
 *fill*         0x00000000000015ee        0x2 
 .sdata.oled_inverse
                0x00000000000015f0        0x2 ./src/main.o
 *fill*         0x00000000000015f2        0x2 
 .sdata.oled_graph
                0x00000000000015f4        0x7 ./src/main.o
                0x00000000000015f4                oled_graph
 .sdata.pin_state.0
                0x00000000000015fb        0x1 ./src/main.o
 *(.gnu.linkonce.s.*)
 *(.srodata.cst16)
 *(.srodata.cst8)
 *(.srodata.cst4)
 *(.srodata.cst2)
 *(.srodata .srodata.*)
                0x00000000000015fc                . = ALIGN (0x4)

.bss            0x00000000000015fc      0x150
                0x00000000000015fc                _bss_start = .
 *(.sbss*)
 .sbss.s_putc_func
                0x00000000000015fc        0x4 ./src/bsp/driver/riscv_mc/iob.o
 .sbss.s_getc_func
                0x0000000000001600        0x4 ./src/bsp/driver/riscv_mc/iob.o
 .sbss.s_flush_func
                0x0000000000001604        0x4 ./src/bsp/driver/riscv_mc/iob.o
 .sbss.pic_dev  0x0000000000001608        0x4 ./src/bsp/driver/riscv_mc/pic.o
                0x0000000000001608                pic_dev
 .sbss.idx.1    0x000000000000160c        0x1 ./src/main.o
 *(.gnu.linkonce.sb.*)
 *(.bss .bss.*)
 *fill*         0x000000000000160d        0x3 
 .bss.int_table
                0x0000000000001610       0x48 ./src/bsp/driver/riscv_mc/pic.o
                0x0000000000001610                int_table
 .bss.i2c_core_i2c
                0x0000000000001658       0x14 ./src/main.o
                0x0000000000001658                i2c_core_i2c
 .bss.uart_core_uart
                0x000000000000166c       0x58 ./src/main.o
                0x000000000000166c                uart_core_uart
 .bss.gpio_inst
                0x00000000000016c4       0x88 ./src/main.o
                0x00000000000016c4                gpio_inst
 *(.gnu.linkonce.b.*)
 *(COMMON)
                0x000000000000174c                . = ALIGN (0x4)
                0x000000000000174c                _bss_end = .

.heap           0x0000000000001750        0x0
                [!provide]                        PROVIDE (_heap_start = .)
                [!provide]                        PROVIDE (__heap_start = .)
                0x0000000000001750                . = (. + _HEAP_SIZE)
                0x0000000000001750                . = ALIGN (0x8)
                [!provide]                        PROVIDE (_heap_end = .)
                [!provide]                        PROVIDE (__heap_end = .)

.stack          0x0000000000001750      0xa00
                [!provide]                        PROVIDE (_stack_end = .)
                0x0000000000002150                . = (. + _STACK_SIZE)
 *fill*         0x0000000000001750      0xa00 
                0x0000000000002150                . = ALIGN (0x10)
                0x0000000000002150                PROVIDE (_stack_start = .)
                [!provide]                        PROVIDE (_end = .)
                [!provide]                        PROVIDE (end = .)
OUTPUT(riscv_mc_hello.elf elf32-littleriscv)

.debug_info     0x0000000000000000     0x1f61
 .debug_info    0x0000000000000000      0x4c1 ./src/bsp/driver/uart/uart.o
 .debug_info    0x00000000000004c1       0x22 ./src/bsp/driver/riscv_mc/crt0.o
 .debug_info    0x00000000000004e3       0xa0 ./src/bsp/driver/riscv_mc/exit.o
 .debug_info    0x0000000000000583      0x1a6 ./src/bsp/driver/riscv_mc/interrupt.o
 .debug_info    0x0000000000000729      0x30d ./src/bsp/driver/riscv_mc/iob.o
 .debug_info    0x0000000000000a36      0x39a ./src/bsp/driver/riscv_mc/pic.o
 .debug_info    0x0000000000000dd0      0x32d ./src/bsp/driver/riscv_mc/reg_access.o
 .debug_info    0x00000000000010fd      0x47e ./src/bsp/driver/i2c_controller/i2c_master.o
 .debug_info    0x000000000000157b      0x266 ./src/bsp/driver/gpio/gpio.o
 .debug_info    0x00000000000017e1      0x680 ./src/main.o
 .debug_info    0x0000000000001e61      0x100 ./src/utils.o

.debug_abbrev   0x0000000000000000      0xb42
 .debug_abbrev  0x0000000000000000      0x147 ./src/bsp/driver/uart/uart.o
 .debug_abbrev  0x0000000000000147       0x12 ./src/bsp/driver/riscv_mc/crt0.o
 .debug_abbrev  0x0000000000000159       0x5b ./src/bsp/driver/riscv_mc/exit.o
 .debug_abbrev  0x00000000000001b4      0x137 ./src/bsp/driver/riscv_mc/interrupt.o
 .debug_abbrev  0x00000000000002eb      0x14f ./src/bsp/driver/riscv_mc/iob.o
 .debug_abbrev  0x000000000000043a      0x164 ./src/bsp/driver/riscv_mc/pic.o
 .debug_abbrev  0x000000000000059e       0xa8 ./src/bsp/driver/riscv_mc/reg_access.o
 .debug_abbrev  0x0000000000000646      0x161 ./src/bsp/driver/i2c_controller/i2c_master.o
 .debug_abbrev  0x00000000000007a7      0x10b ./src/bsp/driver/gpio/gpio.o
 .debug_abbrev  0x00000000000008b2      0x1d6 ./src/main.o
 .debug_abbrev  0x0000000000000a88       0xba ./src/utils.o

.debug_aranges  0x0000000000000000      0x2a0
 .debug_aranges
                0x0000000000000000       0x40 ./src/bsp/driver/uart/uart.o
 .debug_aranges
                0x0000000000000040       0x28 ./src/bsp/driver/riscv_mc/crt0.o
 .debug_aranges
                0x0000000000000068       0x20 ./src/bsp/driver/riscv_mc/exit.o
 .debug_aranges
                0x0000000000000088       0x28 ./src/bsp/driver/riscv_mc/interrupt.o
 .debug_aranges
                0x00000000000000b0       0x38 ./src/bsp/driver/riscv_mc/iob.o
 .debug_aranges
                0x00000000000000e8       0x60 ./src/bsp/driver/riscv_mc/pic.o
 .debug_aranges
                0x0000000000000148       0x58 ./src/bsp/driver/riscv_mc/reg_access.o
 .debug_aranges
                0x00000000000001a0       0x48 ./src/bsp/driver/i2c_controller/i2c_master.o
 .debug_aranges
                0x00000000000001e8       0x38 ./src/bsp/driver/gpio/gpio.o
 .debug_aranges
                0x0000000000000220       0x58 ./src/main.o
 .debug_aranges
                0x0000000000000278       0x28 ./src/utils.o

.debug_ranges   0x0000000000000000      0x1f8
 .debug_ranges  0x0000000000000000       0x30 ./src/bsp/driver/uart/uart.o
 .debug_ranges  0x0000000000000030       0x20 ./src/bsp/driver/riscv_mc/crt0.o
 .debug_ranges  0x0000000000000050       0x10 ./src/bsp/driver/riscv_mc/exit.o
 .debug_ranges  0x0000000000000060       0x18 ./src/bsp/driver/riscv_mc/interrupt.o
 .debug_ranges  0x0000000000000078       0x28 ./src/bsp/driver/riscv_mc/iob.o
 .debug_ranges  0x00000000000000a0       0x50 ./src/bsp/driver/riscv_mc/pic.o
 .debug_ranges  0x00000000000000f0       0x48 ./src/bsp/driver/riscv_mc/reg_access.o
 .debug_ranges  0x0000000000000138       0x38 ./src/bsp/driver/i2c_controller/i2c_master.o
 .debug_ranges  0x0000000000000170       0x28 ./src/bsp/driver/gpio/gpio.o
 .debug_ranges  0x0000000000000198       0x48 ./src/main.o
 .debug_ranges  0x00000000000001e0       0x18 ./src/utils.o

.debug_macro    0x0000000000000000     0x303f
 .debug_macro   0x0000000000000000      0x181 ./src/bsp/driver/uart/uart.o
 .debug_macro   0x0000000000000181      0x778 ./src/bsp/driver/uart/uart.o
 .debug_macro   0x00000000000008f9      0x4c5 ./src/bsp/driver/uart/uart.o
 .debug_macro   0x0000000000000dbe       0x8e ./src/bsp/driver/uart/uart.o
 .debug_macro   0x0000000000000e4c       0x51 ./src/bsp/driver/uart/uart.o
 .debug_macro   0x0000000000000e9d      0x103 ./src/bsp/driver/uart/uart.o
 .debug_macro   0x0000000000000fa0       0x6a ./src/bsp/driver/uart/uart.o
 .debug_macro   0x000000000000100a      0x1df ./src/bsp/driver/uart/uart.o
 .debug_macro   0x00000000000011e9       0x22 ./src/bsp/driver/uart/uart.o
 .debug_macro   0x000000000000120b       0x52 ./src/bsp/driver/uart/uart.o
 .debug_macro   0x000000000000125d       0x10 ./src/bsp/driver/uart/uart.o
 .debug_macro   0x000000000000126d       0x35 ./src/bsp/driver/uart/uart.o
 .debug_macro   0x00000000000012a2      0x201 ./src/bsp/driver/uart/uart.o
 .debug_macro   0x00000000000014a3       0x3b ./src/bsp/driver/uart/uart.o
 .debug_macro   0x00000000000014de       0x34 ./src/bsp/driver/uart/uart.o
 .debug_macro   0x0000000000001512       0x82 ./src/bsp/driver/uart/uart.o
 .debug_macro   0x0000000000001594      0x4cc ./src/bsp/driver/uart/uart.o
 .debug_macro   0x0000000000001a60       0x58 ./src/bsp/driver/uart/uart.o
 .debug_macro   0x0000000000001ab8       0x16 ./src/bsp/driver/uart/uart.o
 .debug_macro   0x0000000000001ace       0x97 ./src/bsp/driver/uart/uart.o
 .debug_macro   0x0000000000001b65       0x35 ./src/bsp/driver/uart/uart.o
 .debug_macro   0x0000000000001b9a       0x10 ./src/bsp/driver/uart/uart.o
 .debug_macro   0x0000000000001baa       0x20 ./src/bsp/driver/uart/uart.o
 .debug_macro   0x0000000000001bca       0xf9 ./src/bsp/driver/uart/uart.o
 .debug_macro   0x0000000000001cc3       0x8d ./src/bsp/driver/uart/uart.o
 .debug_macro   0x0000000000001d50      0x358 ./src/bsp/driver/uart/uart.o
 .debug_macro   0x00000000000020a8      0x118 ./src/bsp/driver/riscv_mc/exit.o
 .debug_macro   0x00000000000021c0       0x94 ./src/bsp/driver/riscv_mc/exit.o
 .debug_macro   0x0000000000002254       0x57 ./src/bsp/driver/riscv_mc/exit.o
 .debug_macro   0x00000000000022ab      0x135 ./src/bsp/driver/riscv_mc/interrupt.o
 .debug_macro   0x00000000000023e0       0x22 ./src/bsp/driver/riscv_mc/interrupt.o
 .debug_macro   0x0000000000002402      0x122 ./src/bsp/driver/riscv_mc/iob.o
 .debug_macro   0x0000000000002524      0x136 ./src/bsp/driver/riscv_mc/pic.o
 .debug_macro   0x000000000000265a       0x63 ./src/bsp/driver/riscv_mc/reg_access.o
 .debug_macro   0x00000000000026bd       0x96 ./src/bsp/driver/i2c_controller/i2c_master.o
 .debug_macro   0x0000000000002753      0x193 ./src/bsp/driver/i2c_controller/i2c_master.o
 .debug_macro   0x00000000000028e6       0x10 ./src/bsp/driver/i2c_controller/i2c_master.o
 .debug_macro   0x00000000000028f6       0xf4 ./src/bsp/driver/i2c_controller/i2c_master.o
 .debug_macro   0x00000000000029ea      0x174 ./src/bsp/driver/i2c_controller/i2c_master.o
 .debug_macro   0x0000000000002b5e       0x84 ./src/bsp/driver/gpio/gpio.o
 .debug_macro   0x0000000000002be2       0x10 ./src/bsp/driver/gpio/gpio.o
 .debug_macro   0x0000000000002bf2       0x46 ./src/bsp/driver/gpio/gpio.o
 .debug_macro   0x0000000000002c38      0x1b4 ./src/main.o
 .debug_macro   0x0000000000002dec       0x34 ./src/main.o
 .debug_macro   0x0000000000002e20       0x16 ./src/main.o
 .debug_macro   0x0000000000002e36      0x100 ./src/main.o
 .debug_macro   0x0000000000002f36       0x58 ./src/main.o
 .debug_macro   0x0000000000002f8e       0x71 ./src/utils.o
 .debug_macro   0x0000000000002fff       0x40 ./src/utils.o

.debug_line     0x0000000000000000     0x3946
 .debug_line    0x0000000000000000      0x718 ./src/bsp/driver/uart/uart.o
 .debug_line    0x0000000000000718      0x27c ./src/bsp/driver/riscv_mc/crt0.o
 .debug_line    0x0000000000000994      0x2da ./src/bsp/driver/riscv_mc/exit.o
 .debug_line    0x0000000000000c6e      0x3d6 ./src/bsp/driver/riscv_mc/interrupt.o
 .debug_line    0x0000000000001044      0x3ed ./src/bsp/driver/riscv_mc/iob.o
 .debug_line    0x0000000000001431      0x5c0 ./src/bsp/driver/riscv_mc/pic.o
 .debug_line    0x00000000000019f1      0x3ce ./src/bsp/driver/riscv_mc/reg_access.o
 .debug_line    0x0000000000001dbf      0xd7d ./src/bsp/driver/i2c_controller/i2c_master.o
 .debug_line    0x0000000000002b3c      0x42d ./src/bsp/driver/gpio/gpio.o
 .debug_line    0x0000000000002f69      0x76d ./src/main.o
 .debug_line    0x00000000000036d6      0x270 ./src/utils.o

.debug_str      0x0000000000000000     0x9bde
 .debug_str     0x0000000000000000     0x816c ./src/bsp/driver/uart/uart.o
                                       0x843d (size before relaxing)
 .debug_str     0x000000000000816c       0x2e ./src/bsp/driver/riscv_mc/crt0.o
                                         0x5c (size before relaxing)
 .debug_str     0x000000000000819a       0x28 ./src/bsp/driver/riscv_mc/exit.o
                                       0x804a (size before relaxing)
 .debug_str     0x00000000000081c2      0x144 ./src/bsp/driver/riscv_mc/interrupt.o
                                       0x6d63 (size before relaxing)
 .debug_str     0x0000000000008306       0xe1 ./src/bsp/driver/riscv_mc/iob.o
                                       0x8155 (size before relaxing)
 .debug_str     0x00000000000083e7       0xe7 ./src/bsp/driver/riscv_mc/pic.o
                                       0x6de4 (size before relaxing)
 .debug_str     0x00000000000084ce       0xda ./src/bsp/driver/riscv_mc/reg_access.o
                                       0x4829 (size before relaxing)
 .debug_str     0x00000000000085a8      0xddd ./src/bsp/driver/i2c_controller/i2c_master.o
                                       0x58c2 (size before relaxing)
 .debug_str     0x0000000000009385      0x204 ./src/bsp/driver/gpio/gpio.o
                                       0x4c7e (size before relaxing)
 .debug_str     0x0000000000009589      0x625 ./src/main.o
                                       0x92cc (size before relaxing)
 .debug_str     0x0000000000009bae       0x30 ./src/utils.o
                                       0x5041 (size before relaxing)

.comment        0x0000000000000000       0x33
 .comment       0x0000000000000000       0x33 ./src/bsp/driver/uart/uart.o
                                         0x34 (size before relaxing)
 .comment       0x0000000000000033       0x34 ./src/bsp/driver/riscv_mc/exit.o
 .comment       0x0000000000000033       0x34 ./src/bsp/driver/riscv_mc/interrupt.o
 .comment       0x0000000000000033       0x34 ./src/bsp/driver/riscv_mc/iob.o
 .comment       0x0000000000000033       0x34 ./src/bsp/driver/riscv_mc/pic.o
 .comment       0x0000000000000033       0x34 ./src/bsp/driver/riscv_mc/reg_access.o
 .comment       0x0000000000000033       0x34 ./src/bsp/driver/i2c_controller/i2c_master.o
 .comment       0x0000000000000033       0x34 ./src/bsp/driver/gpio/gpio.o
 .comment       0x0000000000000033       0x34 ./src/main.o
 .comment       0x0000000000000033       0x34 ./src/utils.o
 .comment       0x0000000000000033       0x34 c:\lscc\propel\2023.2\sdk\riscv-none-embed-gcc\bin\../riscv-none-embed/picolibc/riscv-none-embed/lib/rv32imc/ilp32\libc.a(libc_tinystdio_printf.c.o)
 .comment       0x0000000000000033       0x34 c:\lscc\propel\2023.2\sdk\riscv-none-embed-gcc\bin\../riscv-none-embed/picolibc/riscv-none-embed/lib/rv32imc/ilp32\libc.a(libc_tinystdio_putchar.c.o)
 .comment       0x0000000000000033       0x34 c:\lscc\propel\2023.2\sdk\riscv-none-embed-gcc\bin\../riscv-none-embed/picolibc/riscv-none-embed/lib/rv32imc/ilp32\libc.a(libc_tinystdio_puts.c.o)
 .comment       0x0000000000000033       0x34 c:\lscc\propel\2023.2\sdk\riscv-none-embed-gcc\bin\../riscv-none-embed/picolibc/riscv-none-embed/lib/rv32imc/ilp32\libc.a(libc_tinystdio_vfiprintf.c.o)
 .comment       0x0000000000000033       0x34 c:\lscc\propel\2023.2\sdk\riscv-none-embed-gcc\bin\../riscv-none-embed/picolibc/riscv-none-embed/lib/rv32imc/ilp32\libc.a(libc_string_strnlen.c.o)
 .comment       0x0000000000000033       0x34 c:\lscc\propel\2023.2\sdk\riscv-none-embed-gcc\bin\../riscv-none-embed/picolibc/riscv-none-embed/lib/rv32imc/ilp32\libc.a(libc_tinystdio_fputc.c.o)

.debug_frame    0x0000000000000000      0x7c8
 .debug_frame   0x0000000000000000       0xc4 ./src/bsp/driver/uart/uart.o
 .debug_frame   0x00000000000000c4       0x2c ./src/bsp/driver/riscv_mc/exit.o
 .debug_frame   0x00000000000000f0       0x60 ./src/bsp/driver/riscv_mc/interrupt.o
 .debug_frame   0x0000000000000150       0xac ./src/bsp/driver/riscv_mc/iob.o
 .debug_frame   0x00000000000001fc      0x158 ./src/bsp/driver/riscv_mc/pic.o
 .debug_frame   0x0000000000000354      0x130 ./src/bsp/driver/riscv_mc/reg_access.o
 .debug_frame   0x0000000000000484       0xfc ./src/bsp/driver/i2c_controller/i2c_master.o
 .debug_frame   0x0000000000000580       0xb0 ./src/bsp/driver/gpio/gpio.o
 .debug_frame   0x0000000000000630      0x13c ./src/main.o
 .debug_frame   0x000000000000076c       0x5c ./src/utils.o
